Feb  5 12:56:15 cs3013 rsyslogd: [origin software="rsyslogd" swVersion="8.16.0" x-pid="705" x-info="http://www.rsyslog.com"] start
Feb  5 12:56:15 cs3013 rsyslogd-2222: command 'KLogPermitNonKernelFacility' is currently not permitted - did you already set it via a RainerScript command (v6+ config)? [v8.16.0 try http://www.rsyslog.com/e/2222 ]
Feb  5 12:56:15 cs3013 rsyslogd: rsyslogd's groupid changed to 108
Feb  5 12:56:15 cs3013 rsyslogd: rsyslogd's userid changed to 104
Feb  5 12:56:15 cs3013 rsyslogd-2039: Could not open output pipe '/dev/xconsole':: No such file or directory [v8.16.0 try http://www.rsyslog.com/e/2039 ]
Feb  5 12:56:15 cs3013 rsyslogd-2007: action 'action 10' suspended, next retry is Tue Feb  5 12:56:45 2019 [v8.16.0 try http://www.rsyslog.com/e/2007 ]
Feb  5 12:56:15 cs3013 kernel: [    0.000000] Initializing cgroup subsys cpuset
Feb  5 12:56:15 cs3013 kernel: [    0.000000] Initializing cgroup subsys cpu
Feb  5 12:56:15 cs3013 kernel: [    0.000000] Initializing cgroup subsys cpuacct
Feb  5 12:56:15 cs3013 kernel: [    0.000000] Linux version 4.4.35cshue (root@cs3013) (gcc version 5.4.0 20160609 (Ubuntu 5.4.0-6ubuntu1~16.04.4) ) #1 SMP Sat Jan 14 13:55:54 EST 2017 (Ubuntu 4.4.0-59.80-generic 4.4.35)
Feb  5 12:56:15 cs3013 kernel: [    0.000000] KERNEL supported cpus:
Feb  5 12:56:15 cs3013 kernel: [    0.000000]   Intel GenuineIntel
Feb  5 12:56:15 cs3013 kernel: [    0.000000]   AMD AuthenticAMD
Feb  5 12:56:15 cs3013 kernel: [    0.000000]   NSC Geode by NSC
Feb  5 12:56:15 cs3013 kernel: [    0.000000]   Cyrix CyrixInstead
Feb  5 12:56:15 cs3013 kernel: [    0.000000]   Centaur CentaurHauls
Feb  5 12:56:15 cs3013 kernel: [    0.000000]   Transmeta GenuineTMx86
Feb  5 12:56:15 cs3013 kernel: [    0.000000]   Transmeta TransmetaCPU
Feb  5 12:56:15 cs3013 kernel: [    0.000000]   UMC UMC UMC UMC
Feb  5 12:56:15 cs3013 kernel: [    0.000000] x86/fpu: xstate_offset[2]:  576, xstate_sizes[2]:  256
Feb  5 12:56:15 cs3013 kernel: [    0.000000] x86/fpu: Supporting XSAVE feature 0x01: 'x87 floating point registers'
Feb  5 12:56:15 cs3013 kernel: [    0.000000] x86/fpu: Supporting XSAVE feature 0x02: 'SSE registers'
Feb  5 12:56:15 cs3013 kernel: [    0.000000] x86/fpu: Supporting XSAVE feature 0x04: 'AVX registers'
Feb  5 12:56:15 cs3013 kernel: [    0.000000] x86/fpu: Enabled xstate features 0x7, context size is 832 bytes, using 'standard' format.
Feb  5 12:56:15 cs3013 kernel: [    0.000000] x86/fpu: Using 'lazy' FPU context switches.
Feb  5 12:56:15 cs3013 kernel: [    0.000000] e820: BIOS-provided physical RAM map:
Feb  5 12:56:15 cs3013 kernel: [    0.000000] BIOS-e820: [mem 0x0000000000000000-0x000000000009fbff] usable
Feb  5 12:56:15 cs3013 kernel: [    0.000000] BIOS-e820: [mem 0x000000000009fc00-0x000000000009ffff] reserved
Feb  5 12:56:15 cs3013 kernel: [    0.000000] BIOS-e820: [mem 0x00000000000f0000-0x00000000000fffff] reserved
Feb  5 12:56:15 cs3013 kernel: [    0.000000] BIOS-e820: [mem 0x0000000000100000-0x00000000bb7effff] usable
Feb  5 12:56:15 cs3013 kernel: [    0.000000] BIOS-e820: [mem 0x00000000bb7f0000-0x00000000bb7fffff] ACPI data
Feb  5 12:56:15 cs3013 kernel: [    0.000000] BIOS-e820: [mem 0x00000000fec00000-0x00000000fec00fff] reserved
Feb  5 12:56:15 cs3013 kernel: [    0.000000] BIOS-e820: [mem 0x00000000fee00000-0x00000000fee00fff] reserved
Feb  5 12:56:15 cs3013 kernel: [    0.000000] BIOS-e820: [mem 0x00000000fffc0000-0x00000000ffffffff] reserved
Feb  5 12:56:15 cs3013 kernel: [    0.000000] NX (Execute Disable) protection: active
Feb  5 12:56:15 cs3013 kernel: [    0.000000] SMBIOS 2.5 present.
Feb  5 12:56:15 cs3013 kernel: [    0.000000] DMI: innotek GmbH VirtualBox/VirtualBox, BIOS VirtualBox 12/01/2006
Feb  5 12:56:15 cs3013 kernel: [    0.000000] Hypervisor detected: KVM
Feb  5 12:56:15 cs3013 kernel: [    0.000000] e820: update [mem 0x00000000-0x00000fff] usable ==> reserved
Feb  5 12:56:15 cs3013 kernel: [    0.000000] e820: remove [mem 0x000a0000-0x000fffff] usable
Feb  5 12:56:15 cs3013 kernel: [    0.000000] e820: last_pfn = 0xbb7f0 max_arch_pfn = 0x1000000
Feb  5 12:56:15 cs3013 kernel: [    0.000000] MTRR default type: uncachable
Feb  5 12:56:15 cs3013 kernel: [    0.000000] MTRR variable ranges disabled:
Feb  5 12:56:15 cs3013 kernel: [    0.000000] MTRR: Disabled
Feb  5 12:56:15 cs3013 kernel: [    0.000000] x86/PAT: MTRRs disabled, skipping PAT initialization too.
Feb  5 12:56:15 cs3013 kernel: [    0.000000] x86/PAT: Configuration [0-7]: WB  WT  UC- UC  WB  WT  UC- UC  
Feb  5 12:56:15 cs3013 kernel: [    0.000000] CPU MTRRs all blank - virtualized system.
Feb  5 12:56:15 cs3013 kernel: [    0.000000] Scanning 1 areas for low memory corruption
Feb  5 12:56:15 cs3013 kernel: [    0.000000] initial memory mapped: [mem 0x00000000-0x021fffff]
Feb  5 12:56:15 cs3013 kernel: [    0.000000] Base memory trampoline at [c009b000] 9b000 size 16384
Feb  5 12:56:15 cs3013 kernel: [    0.000000] BRK [0x01d54000, 0x01d54fff] PGTABLE
Feb  5 12:56:15 cs3013 kernel: [    0.000000] BRK [0x01d55000, 0x01d55fff] PGTABLE
Feb  5 12:56:15 cs3013 kernel: [    0.000000] RAMDISK: [mem 0x33944000-0x35c99fff]
Feb  5 12:56:15 cs3013 kernel: [    0.000000] ACPI: Early table checksum verification disabled
Feb  5 12:56:15 cs3013 kernel: [    0.000000] ACPI: RSDP 0x00000000000E0000 000024 (v02 VBOX  )
Feb  5 12:56:15 cs3013 kernel: [    0.000000] ACPI: XSDT 0x00000000BB7F0030 000034 (v01 VBOX   VBOXXSDT 00000001 ASL  00000061)
Feb  5 12:56:15 cs3013 kernel: [    0.000000] ACPI: FACP 0x00000000BB7F00F0 0000F4 (v04 VBOX   VBOXFACP 00000001 ASL  00000061)
Feb  5 12:56:15 cs3013 kernel: [    0.000000] ACPI: DSDT 0x00000000BB7F0410 0021FF (v02 VBOX   VBOXBIOS 00000002 INTL 20100528)
Feb  5 12:56:15 cs3013 kernel: [    0.000000] ACPI: FACS 0x00000000BB7F0200 000040
Feb  5 12:56:15 cs3013 kernel: [    0.000000] ACPI: FACS 0x00000000BB7F0200 000040
Feb  5 12:56:15 cs3013 kernel: [    0.000000] ACPI: SSDT 0x00000000BB7F0240 0001CC (v01 VBOX   VBOXCPUT 00000002 INTL 20100528)
Feb  5 12:56:15 cs3013 kernel: [    0.000000] 2107MB HIGHMEM available.
Feb  5 12:56:15 cs3013 kernel: [    0.000000] 891MB LOWMEM available.
Feb  5 12:56:15 cs3013 kernel: [    0.000000]   mapped low ram: 0 - 37bfe000
Feb  5 12:56:15 cs3013 kernel: [    0.000000]   low ram: 0 - 37bfe000
Feb  5 12:56:15 cs3013 kernel: [    0.000000] kvm-clock: Using msrs 4b564d01 and 4b564d00
Feb  5 12:56:15 cs3013 kernel: [    0.000000] kvm-clock: cpu 0, msr 0:37bfd001, primary cpu clock
Feb  5 12:56:15 cs3013 kernel: [    0.000000] kvm-clock: using sched offset of 7294656730883 cycles
Feb  5 12:56:15 cs3013 kernel: [    0.000000] clocksource: kvm-clock: mask: 0xffffffffffffffff max_cycles: 0x1cd42e4dffb, max_idle_ns: 881590591483 ns
Feb  5 12:56:15 cs3013 kernel: [    0.000000] Zone ranges:
Feb  5 12:56:15 cs3013 kernel: [    0.000000]   DMA      [mem 0x0000000000001000-0x0000000000ffffff]
Feb  5 12:56:15 cs3013 kernel: [    0.000000]   Normal   [mem 0x0000000001000000-0x0000000037bfdfff]
Feb  5 12:56:15 cs3013 kernel: [    0.000000]   HighMem  [mem 0x0000000037bfe000-0x00000000bb7effff]
Feb  5 12:56:15 cs3013 kernel: [    0.000000] Movable zone start for each node
Feb  5 12:56:15 cs3013 kernel: [    0.000000] Early memory node ranges
Feb  5 12:56:15 cs3013 kernel: [    0.000000]   node   0: [mem 0x0000000000001000-0x000000000009efff]
Feb  5 12:56:15 cs3013 kernel: [    0.000000]   node   0: [mem 0x0000000000100000-0x00000000bb7effff]
Feb  5 12:56:15 cs3013 kernel: [    0.000000] Initmem setup node 0 [mem 0x0000000000001000-0x00000000bb7effff]
Feb  5 12:56:15 cs3013 kernel: [    0.000000] On node 0 totalpages: 767886
Feb  5 12:56:15 cs3013 kernel: [    0.000000]   DMA zone: 40 pages used for memmap
Feb  5 12:56:15 cs3013 kernel: [    0.000000]   DMA zone: 0 pages reserved
Feb  5 12:56:15 cs3013 kernel: [    0.000000]   DMA zone: 3998 pages, LIFO batch:0
Feb  5 12:56:15 cs3013 kernel: [    0.000000]   Normal zone: 2190 pages used for memmap
Feb  5 12:56:15 cs3013 kernel: [    0.000000]   Normal zone: 224254 pages, LIFO batch:31
Feb  5 12:56:15 cs3013 kernel: [    0.000000]   HighMem zone: 539634 pages, LIFO batch:31
Feb  5 12:56:15 cs3013 kernel: [    0.000000] Using APIC driver default
Feb  5 12:56:15 cs3013 kernel: [    0.000000] ACPI: PM-Timer IO Port: 0x4008
Feb  5 12:56:15 cs3013 kernel: [    0.000000] smpboot: Allowing 1 CPUs, 0 hotplug CPUs
Feb  5 12:56:15 cs3013 kernel: [    0.000000] Found and enabled local APIC!
Feb  5 12:56:15 cs3013 kernel: [    0.000000] PM: Registered nosave memory: [mem 0x00000000-0x00000fff]
Feb  5 12:56:15 cs3013 kernel: [    0.000000] PM: Registered nosave memory: [mem 0x0009f000-0x0009ffff]
Feb  5 12:56:15 cs3013 kernel: [    0.000000] PM: Registered nosave memory: [mem 0x000a0000-0x000effff]
Feb  5 12:56:15 cs3013 kernel: [    0.000000] PM: Registered nosave memory: [mem 0x000f0000-0x000fffff]
Feb  5 12:56:15 cs3013 kernel: [    0.000000] e820: [mem 0xbb800000-0xfebfffff] available for PCI devices
Feb  5 12:56:15 cs3013 kernel: [    0.000000] Booting paravirtualized kernel on KVM
Feb  5 12:56:15 cs3013 kernel: [    0.000000] clocksource: refined-jiffies: mask: 0xffffffff max_cycles: 0xffffffff, max_idle_ns: 7645519600211568 ns
Feb  5 12:56:15 cs3013 kernel: [    0.000000] setup_percpu: NR_CPUS:8 nr_cpumask_bits:8 nr_cpu_ids:1 nr_node_ids:1
Feb  5 12:56:15 cs3013 kernel: [    0.000000] PERCPU: Embedded 19 pages/cpu @f5dc3000 s47436 r0 d30388 u77824
Feb  5 12:56:15 cs3013 kernel: [    0.000000] pcpu-alloc: s47436 r0 d30388 u77824 alloc=19*4096
Feb  5 12:56:15 cs3013 kernel: [    0.000000] pcpu-alloc: [0] 0 
Feb  5 12:56:15 cs3013 kernel: [    0.000000] PV qspinlock hash table entries: 512 (order: 0, 4096 bytes)
Feb  5 12:56:15 cs3013 kernel: [    0.000000] Built 1 zonelists in Zone order, mobility grouping on.  Total pages: 765656
Feb  5 12:56:15 cs3013 kernel: [    0.000000] Kernel command line: BOOT_IMAGE=/boot/vmlinuz-4.4.35cshue root=UUID=9b916645-ccbe-4581-9172-4cffea3b3a02 ro quiet splash
Feb  5 12:56:15 cs3013 kernel: [    0.000000] PID hash table entries: 4096 (order: 2, 16384 bytes)
Feb  5 12:56:15 cs3013 kernel: [    0.000000] Dentry cache hash table entries: 131072 (order: 7, 524288 bytes)
Feb  5 12:56:15 cs3013 kernel: [    0.000000] Inode-cache hash table entries: 65536 (order: 6, 262144 bytes)
Feb  5 12:56:15 cs3013 kernel: [    0.000000] Initializing CPU#0
Feb  5 12:56:15 cs3013 kernel: [    0.000000] Initializing HighMem for node 0 (00037bfe:000bb7f0)
Feb  5 12:56:15 cs3013 kernel: [    0.000000] Initializing Movable for node 0 (00000000:00000000)
Feb  5 12:56:15 cs3013 kernel: [    0.000000] Memory: 2989872K/3071544K available (7909K kernel code, 769K rwdata, 3112K rodata, 944K init, 800K bss, 81672K reserved, 0K cma-reserved, 2158536K highmem)
Feb  5 12:56:15 cs3013 kernel: [    0.000000] virtual kernel memory layout:
Feb  5 12:56:15 cs3013 kernel: [    0.000000]     fixmap  : 0xfff15000 - 0xfffff000   ( 936 kB)
Feb  5 12:56:15 cs3013 kernel: [    0.000000]     pkmap   : 0xffc00000 - 0xffe00000   (2048 kB)
Feb  5 12:56:15 cs3013 kernel: [    0.000000]     vmalloc : 0xf83fe000 - 0xffbfe000   ( 120 MB)
Feb  5 12:56:15 cs3013 kernel: [    0.000000]     lowmem  : 0xc0000000 - 0xf7bfe000   ( 891 MB)
Feb  5 12:56:15 cs3013 kernel: [    0.000000]       .init : 0xc1b87000 - 0xc1c73000   ( 944 kB)
Feb  5 12:56:15 cs3013 kernel: [    0.000000]       .data : 0xc17b9b4f - 0xc1b85700   (3886 kB)
Feb  5 12:56:15 cs3013 kernel: [    0.000000]       .text : 0xc1000000 - 0xc17b9b4f   (7910 kB)
Feb  5 12:56:15 cs3013 kernel: [    0.000000] Checking if this processor honours the WP bit even in supervisor mode...Ok.
Feb  5 12:56:15 cs3013 kernel: [    0.000000] SLUB: HWalign=64, Order=0-3, MinObjects=0, CPUs=1, Nodes=1
Feb  5 12:56:15 cs3013 kernel: [    0.000000] Hierarchical RCU implementation.
Feb  5 12:56:15 cs3013 kernel: [    0.000000] 	Build-time adjustment of leaf fanout to 32.
Feb  5 12:56:15 cs3013 kernel: [    0.000000] 	RCU restricting CPUs from NR_CPUS=8 to nr_cpu_ids=1.
Feb  5 12:56:15 cs3013 kernel: [    0.000000] RCU: Adjusting geometry for rcu_fanout_leaf=32, nr_cpu_ids=1
Feb  5 12:56:15 cs3013 kernel: [    0.000000] NR_IRQS:2304 nr_irqs:32 16
Feb  5 12:56:15 cs3013 kernel: [    0.000000] CPU 0 irqstacks, hard=f3434000 soft=f3436000
Feb  5 12:56:15 cs3013 kernel: [    0.000000] Console: colour VGA+ 80x25
Feb  5 12:56:15 cs3013 kernel: [    0.000000] console [tty0] enabled
Feb  5 12:56:15 cs3013 kernel: [    0.000000] allocated 3145728 bytes of page_ext
Feb  5 12:56:15 cs3013 kernel: [    0.000000] tsc: Detected 2303.998 MHz processor
Feb  5 12:56:15 cs3013 kernel: [    0.130395] Calibrating delay loop (skipped) preset value.. 4607.99 BogoMIPS (lpj=9215992)
Feb  5 12:56:15 cs3013 kernel: [    0.130398] pid_max: default: 32768 minimum: 301
Feb  5 12:56:15 cs3013 kernel: [    0.130404] ACPI: Core revision 20150930
Feb  5 12:56:15 cs3013 kernel: [    0.132436] ACPI: 2 ACPI AML tables successfully acquired and loaded
Feb  5 12:56:15 cs3013 kernel: [    0.132444] ACPI: setting ELCR to 0200 (from 0e00)
Feb  5 12:56:15 cs3013 kernel: [    0.132461] Security Framework initialized
Feb  5 12:56:15 cs3013 kernel: [    0.132479] Yama: becoming mindful.
Feb  5 12:56:15 cs3013 kernel: [    0.132492] AppArmor: AppArmor initialized
Feb  5 12:56:15 cs3013 kernel: [    0.132538] Mount-cache hash table entries: 2048 (order: 1, 8192 bytes)
Feb  5 12:56:15 cs3013 kernel: [    0.132540] Mountpoint-cache hash table entries: 2048 (order: 1, 8192 bytes)
Feb  5 12:56:15 cs3013 kernel: [    0.133109] Initializing cgroup subsys io
Feb  5 12:56:15 cs3013 kernel: [    0.133115] Initializing cgroup subsys memory
Feb  5 12:56:15 cs3013 kernel: [    0.133122] Initializing cgroup subsys devices
Feb  5 12:56:15 cs3013 kernel: [    0.133125] Initializing cgroup subsys freezer
Feb  5 12:56:15 cs3013 kernel: [    0.133127] Initializing cgroup subsys net_cls
Feb  5 12:56:15 cs3013 kernel: [    0.133131] Initializing cgroup subsys perf_event
Feb  5 12:56:15 cs3013 kernel: [    0.133133] Initializing cgroup subsys net_prio
Feb  5 12:56:15 cs3013 kernel: [    0.133137] Initializing cgroup subsys hugetlb
Feb  5 12:56:15 cs3013 kernel: [    0.133139] Initializing cgroup subsys pids
Feb  5 12:56:15 cs3013 kernel: [    0.133252] CPU: Physical Processor ID: 0
Feb  5 12:56:15 cs3013 kernel: [    0.135568] mce: CPU supports 0 MCE banks
Feb  5 12:56:15 cs3013 kernel: [    0.135589] process: using mwait in idle threads
Feb  5 12:56:15 cs3013 kernel: [    0.135599] Last level iTLB entries: 4KB 128, 2MB 8, 4MB 8
Feb  5 12:56:15 cs3013 kernel: [    0.135601] Last level dTLB entries: 4KB 64, 2MB 0, 4MB 0, 1GB 4
Feb  5 12:56:15 cs3013 kernel: [    0.159596] Freeing SMP alternatives memory: 28K (c1c73000 - c1c7a000)
Feb  5 12:56:15 cs3013 kernel: [    0.168529] ftrace: allocating 31272 entries in 62 pages
Feb  5 12:56:15 cs3013 kernel: [    0.223543] smpboot: Max logical packages: 1
Feb  5 12:56:15 cs3013 kernel: [    0.223561] smpboot: weird, boot CPU (#0) not listed by the BIOS
Feb  5 12:56:15 cs3013 kernel: [    0.223567] smpboot: SMP motherboard not detected
Feb  5 12:56:15 cs3013 kernel: [    0.223568] smpboot: SMP disabled
Feb  5 12:56:15 cs3013 kernel: [    0.223570] Enabling APIC mode:  Flat.  Using 0 I/O APICs
Feb  5 12:56:15 cs3013 kernel: [    0.330831] Performance Events: unsupported p6 CPU model 94 no PMU driver, software events only.
Feb  5 12:56:15 cs3013 kernel: [    0.330861] KVM setup paravirtual spinlock
Feb  5 12:56:15 cs3013 kernel: [    0.331431] x86: Booted up 1 node, 1 CPUs
Feb  5 12:56:15 cs3013 kernel: [    0.331433] smpboot: Total of 1 processors activated (4607.99 BogoMIPS)
Feb  5 12:56:15 cs3013 kernel: [    0.331501] devtmpfs: initialized
Feb  5 12:56:15 cs3013 kernel: [    0.331743] evm: security.selinux
Feb  5 12:56:15 cs3013 kernel: [    0.331744] evm: security.SMACK64
Feb  5 12:56:15 cs3013 kernel: [    0.331745] evm: security.SMACK64EXEC
Feb  5 12:56:15 cs3013 kernel: [    0.331746] evm: security.SMACK64TRANSMUTE
Feb  5 12:56:15 cs3013 kernel: [    0.331747] evm: security.SMACK64MMAP
Feb  5 12:56:15 cs3013 kernel: [    0.331748] evm: security.ima
Feb  5 12:56:15 cs3013 kernel: [    0.331750] evm: security.capability
Feb  5 12:56:15 cs3013 kernel: [    0.331887] clocksource: jiffies: mask: 0xffffffff max_cycles: 0xffffffff, max_idle_ns: 7645041785100000 ns
Feb  5 12:56:15 cs3013 kernel: [    0.331939] pinctrl core: initialized pinctrl subsystem
Feb  5 12:56:15 cs3013 kernel: [    0.332031] RTC time: 17:56:08, date: 02/05/19
Feb  5 12:56:15 cs3013 kernel: [    0.332131] NET: Registered protocol family 16
Feb  5 12:56:15 cs3013 kernel: [    0.332279] EISA bus registered
Feb  5 12:56:15 cs3013 kernel: [    0.332282] cpuidle: using governor ladder
Feb  5 12:56:15 cs3013 kernel: [    0.332285] cpuidle: using governor menu
Feb  5 12:56:15 cs3013 kernel: [    0.332288] PCCT header not found.
Feb  5 12:56:15 cs3013 kernel: [    0.332365] ACPI: bus type PCI registered
Feb  5 12:56:15 cs3013 kernel: [    0.332367] acpiphp: ACPI Hot Plug PCI Controller Driver version: 0.5
Feb  5 12:56:15 cs3013 kernel: [    0.332518] PCI : PCI BIOS area is rw and x. Use pci=nobios if you want it NX.
Feb  5 12:56:15 cs3013 kernel: [    0.332520] PCI: PCI BIOS revision 2.10 entry at 0xfda26, last bus=0
Feb  5 12:56:15 cs3013 kernel: [    0.332521] PCI: Using configuration type 1 for base access
Feb  5 12:56:15 cs3013 kernel: [    0.333776] ACPI: Added _OSI(Module Device)
Feb  5 12:56:15 cs3013 kernel: [    0.333778] ACPI: Added _OSI(Processor Device)
Feb  5 12:56:15 cs3013 kernel: [    0.333779] ACPI: Added _OSI(3.0 _SCP Extensions)
Feb  5 12:56:15 cs3013 kernel: [    0.333781] ACPI: Added _OSI(Processor Aggregator Device)
Feb  5 12:56:15 cs3013 kernel: [    0.334484] ACPI: Executed 1 blocks of module-level executable AML code
Feb  5 12:56:15 cs3013 kernel: [    0.336811] ACPI: Interpreter enabled
Feb  5 12:56:15 cs3013 kernel: [    0.336825] ACPI: (supports S0 S5)
Feb  5 12:56:15 cs3013 kernel: [    0.336826] ACPI: Using PIC for interrupt routing
Feb  5 12:56:15 cs3013 kernel: [    0.336984] PCI: Using host bridge windows from ACPI; if necessary, use "pci=nocrs" and report a bug
Feb  5 12:56:15 cs3013 kernel: [    0.340835] ACPI: PCI Root Bridge [PCI0] (domain 0000 [bus 00-ff])
Feb  5 12:56:15 cs3013 kernel: [    0.340840] acpi PNP0A03:00: _OSC: OS supports [ASPM ClockPM Segments MSI]
Feb  5 12:56:15 cs3013 kernel: [    0.340855] acpi PNP0A03:00: _OSC: not requesting OS control; OS requires [ExtendedConfig ASPM ClockPM MSI]
Feb  5 12:56:15 cs3013 kernel: [    0.340858] acpi PNP0A03:00: fail to add MMCONFIG information, can't access extended PCI configuration space under this bridge.
Feb  5 12:56:15 cs3013 kernel: [    0.341129] PCI host bridge to bus 0000:00
Feb  5 12:56:15 cs3013 kernel: [    0.341132] pci_bus 0000:00: root bus resource [io  0x0000-0x0cf7 window]
Feb  5 12:56:15 cs3013 kernel: [    0.341134] pci_bus 0000:00: root bus resource [io  0x0d00-0xffff window]
Feb  5 12:56:15 cs3013 kernel: [    0.341136] pci_bus 0000:00: root bus resource [mem 0x000a0000-0x000bffff window]
Feb  5 12:56:15 cs3013 kernel: [    0.341137] pci_bus 0000:00: root bus resource [mem 0xbb800000-0xfdffffff window]
Feb  5 12:56:15 cs3013 kernel: [    0.341140] pci_bus 0000:00: root bus resource [bus 00-ff]
Feb  5 12:56:15 cs3013 kernel: [    0.341180] pci 0000:00:00.0: [8086:1237] type 00 class 0x060000
Feb  5 12:56:15 cs3013 kernel: [    0.341731] pci 0000:00:01.0: [8086:7000] type 00 class 0x060100
Feb  5 12:56:15 cs3013 kernel: [    0.342365] pci 0000:00:01.1: [8086:7111] type 00 class 0x01018a
Feb  5 12:56:15 cs3013 kernel: [    0.342773] pci 0000:00:01.1: reg 0x20: [io  0xd000-0xd00f]
Feb  5 12:56:15 cs3013 kernel: [    0.342939] pci 0000:00:01.1: legacy IDE quirk: reg 0x10: [io  0x01f0-0x01f7]
Feb  5 12:56:15 cs3013 kernel: [    0.342941] pci 0000:00:01.1: legacy IDE quirk: reg 0x14: [io  0x03f6]
Feb  5 12:56:15 cs3013 kernel: [    0.342943] pci 0000:00:01.1: legacy IDE quirk: reg 0x18: [io  0x0170-0x0177]
Feb  5 12:56:15 cs3013 kernel: [    0.342945] pci 0000:00:01.1: legacy IDE quirk: reg 0x1c: [io  0x0376]
Feb  5 12:56:15 cs3013 kernel: [    0.343142] pci 0000:00:02.0: [80ee:beef] type 00 class 0x030000
Feb  5 12:56:15 cs3013 kernel: [    0.345182] pci 0000:00:02.0: reg 0x10: [mem 0xe0000000-0xe0ffffff pref]
Feb  5 12:56:15 cs3013 kernel: [    0.358646] pci 0000:00:03.0: [8086:100e] type 00 class 0x020000
Feb  5 12:56:15 cs3013 kernel: [    0.360370] pci 0000:00:03.0: reg 0x10: [mem 0xf0000000-0xf001ffff]
Feb  5 12:56:15 cs3013 kernel: [    0.363839] pci 0000:00:03.0: reg 0x18: [io  0xd010-0xd017]
Feb  5 12:56:15 cs3013 kernel: [    0.370145] pci 0000:00:04.0: [80ee:cafe] type 00 class 0x088000
Feb  5 12:56:15 cs3013 kernel: [    0.371650] pci 0000:00:04.0: reg 0x10: [io  0xd020-0xd03f]
Feb  5 12:56:15 cs3013 kernel: [    0.373012] pci 0000:00:04.0: reg 0x14: [mem 0xf0400000-0xf07fffff]
Feb  5 12:56:15 cs3013 kernel: [    0.374362] pci 0000:00:04.0: reg 0x18: [mem 0xf0800000-0xf0803fff pref]
Feb  5 12:56:15 cs3013 kernel: [    0.380878] pci 0000:00:05.0: [8086:2415] type 00 class 0x040100
Feb  5 12:56:15 cs3013 kernel: [    0.381013] pci 0000:00:05.0: reg 0x10: [io  0xd100-0xd1ff]
Feb  5 12:56:15 cs3013 kernel: [    0.381115] pci 0000:00:05.0: reg 0x14: [io  0xd200-0xd23f]
Feb  5 12:56:15 cs3013 kernel: [    0.381778] pci 0000:00:06.0: [106b:003f] type 00 class 0x0c0310
Feb  5 12:56:15 cs3013 kernel: [    0.383585] pci 0000:00:06.0: reg 0x10: [mem 0xf0804000-0xf0804fff]
Feb  5 12:56:15 cs3013 kernel: [    0.392763] pci 0000:00:07.0: [8086:7113] type 00 class 0x068000
Feb  5 12:56:15 cs3013 kernel: [    0.393135] pci 0000:00:07.0: quirk: [io  0x4000-0x403f] claimed by PIIX4 ACPI
Feb  5 12:56:15 cs3013 kernel: [    0.393146] pci 0000:00:07.0: quirk: [io  0x4100-0x410f] claimed by PIIX4 SMB
Feb  5 12:56:15 cs3013 kernel: [    0.393468] pci 0000:00:0b.0: [8086:265c] type 00 class 0x0c0320
Feb  5 12:56:15 cs3013 kernel: [    0.394992] pci 0000:00:0b.0: reg 0x10: [mem 0xf0805000-0xf0805fff]
Feb  5 12:56:15 cs3013 kernel: [    0.404499] pci 0000:00:0d.0: [8086:2829] type 00 class 0x010601
Feb  5 12:56:15 cs3013 kernel: [    0.406018] pci 0000:00:0d.0: reg 0x10: [io  0xd240-0xd247]
Feb  5 12:56:15 cs3013 kernel: [    0.407453] pci 0000:00:0d.0: reg 0x14: [io  0xd248-0xd24b]
Feb  5 12:56:15 cs3013 kernel: [    0.408978] pci 0000:00:0d.0: reg 0x18: [io  0xd250-0xd257]
Feb  5 12:56:15 cs3013 kernel: [    0.410448] pci 0000:00:0d.0: reg 0x1c: [io  0xd258-0xd25b]
Feb  5 12:56:15 cs3013 kernel: [    0.412274] pci 0000:00:0d.0: reg 0x20: [io  0xd260-0xd26f]
Feb  5 12:56:15 cs3013 kernel: [    0.414133] pci 0000:00:0d.0: reg 0x24: [mem 0xf0806000-0xf0807fff]
Feb  5 12:56:15 cs3013 kernel: [    0.415956] pci_bus 0000:00: on NUMA node 0
Feb  5 12:56:15 cs3013 kernel: [    0.416902] ACPI: PCI Interrupt Link [LNKA] (IRQs 5 9 10 *11)
Feb  5 12:56:15 cs3013 kernel: [    0.417126] ACPI: PCI Interrupt Link [LNKB] (IRQs 5 9 *10 11)
Feb  5 12:56:15 cs3013 kernel: [    0.417213] ACPI: PCI Interrupt Link [LNKC] (IRQs 5 *9 10 11)
Feb  5 12:56:15 cs3013 kernel: [    0.417298] ACPI: PCI Interrupt Link [LNKD] (IRQs 5 9 10 *11)
Feb  5 12:56:15 cs3013 kernel: [    0.417417] ACPI: Enabled 2 GPEs in block 00 to 07
Feb  5 12:56:15 cs3013 kernel: [    0.417594] vgaarb: setting as boot device: PCI:0000:00:02.0
Feb  5 12:56:15 cs3013 kernel: [    0.417597] vgaarb: device added: PCI:0000:00:02.0,decodes=io+mem,owns=io+mem,locks=none
Feb  5 12:56:15 cs3013 kernel: [    0.417599] vgaarb: loaded
Feb  5 12:56:15 cs3013 kernel: [    0.417600] vgaarb: bridge control possible 0000:00:02.0
Feb  5 12:56:15 cs3013 kernel: [    0.417853] SCSI subsystem initialized
Feb  5 12:56:15 cs3013 kernel: [    0.417888] libata version 3.00 loaded.
Feb  5 12:56:15 cs3013 kernel: [    0.417912] ACPI: bus type USB registered
Feb  5 12:56:15 cs3013 kernel: [    0.417930] usbcore: registered new interface driver usbfs
Feb  5 12:56:15 cs3013 kernel: [    0.417938] usbcore: registered new interface driver hub
Feb  5 12:56:15 cs3013 kernel: [    0.417946] usbcore: registered new device driver usb
Feb  5 12:56:15 cs3013 kernel: [    0.418063] PCI: Using ACPI for IRQ routing
Feb  5 12:56:15 cs3013 kernel: [    0.418065] PCI: pci_cache_line_size set to 64 bytes
Feb  5 12:56:15 cs3013 kernel: [    0.418260] e820: reserve RAM buffer [mem 0x0009fc00-0x0009ffff]
Feb  5 12:56:15 cs3013 kernel: [    0.418264] e820: reserve RAM buffer [mem 0xbb7f0000-0xbbffffff]
Feb  5 12:56:15 cs3013 kernel: [    0.418369] NetLabel: Initializing
Feb  5 12:56:15 cs3013 kernel: [    0.418371] NetLabel:  domain hash size = 128
Feb  5 12:56:15 cs3013 kernel: [    0.418372] NetLabel:  protocols = UNLABELED CIPSOv4
Feb  5 12:56:15 cs3013 kernel: [    0.418381] NetLabel:  unlabeled traffic allowed by default
Feb  5 12:56:15 cs3013 kernel: [    0.418477] amd_nb: Cannot enumerate AMD northbridges
Feb  5 12:56:15 cs3013 kernel: [    0.418486] clocksource: Switched to clocksource kvm-clock
Feb  5 12:56:15 cs3013 kernel: [    0.425796] AppArmor: AppArmor Filesystem Enabled
Feb  5 12:56:15 cs3013 kernel: [    0.425841] pnp: PnP ACPI init
Feb  5 12:56:15 cs3013 kernel: [    0.425889] pnp 00:00: Plug and Play ACPI device, IDs PNP0303 (active)
Feb  5 12:56:15 cs3013 kernel: [    0.425946] pnp 00:01: Plug and Play ACPI device, IDs PNP0f03 (active)
Feb  5 12:56:15 cs3013 kernel: [    0.426541] pnp: PnP ACPI: found 2 devices
Feb  5 12:56:15 cs3013 kernel: [    0.426545] PnPBIOS: Disabled by ACPI PNP
Feb  5 12:56:15 cs3013 kernel: [    0.462323] clocksource: acpi_pm: mask: 0xffffff max_cycles: 0xffffff, max_idle_ns: 2085701024 ns
Feb  5 12:56:15 cs3013 kernel: [    0.462338] pci_bus 0000:00: resource 4 [io  0x0000-0x0cf7 window]
Feb  5 12:56:15 cs3013 kernel: [    0.462340] pci_bus 0000:00: resource 5 [io  0x0d00-0xffff window]
Feb  5 12:56:15 cs3013 kernel: [    0.462341] pci_bus 0000:00: resource 6 [mem 0x000a0000-0x000bffff window]
Feb  5 12:56:15 cs3013 kernel: [    0.462343] pci_bus 0000:00: resource 7 [mem 0xbb800000-0xfdffffff window]
Feb  5 12:56:15 cs3013 kernel: [    0.462369] NET: Registered protocol family 2
Feb  5 12:56:15 cs3013 kernel: [    0.462541] TCP established hash table entries: 8192 (order: 3, 32768 bytes)
Feb  5 12:56:15 cs3013 kernel: [    0.462553] TCP bind hash table entries: 8192 (order: 4, 65536 bytes)
Feb  5 12:56:15 cs3013 kernel: [    0.462565] TCP: Hash tables configured (established 8192 bind 8192)
Feb  5 12:56:15 cs3013 kernel: [    0.462576] UDP hash table entries: 512 (order: 2, 16384 bytes)
Feb  5 12:56:15 cs3013 kernel: [    0.462580] UDP-Lite hash table entries: 512 (order: 2, 16384 bytes)
Feb  5 12:56:15 cs3013 kernel: [    0.462603] NET: Registered protocol family 1
Feb  5 12:56:15 cs3013 kernel: [    0.462614] pci 0000:00:00.0: Limiting direct PCI/PCI transfers
Feb  5 12:56:15 cs3013 kernel: [    0.462640] pci 0000:00:01.0: Activating ISA DMA hang workarounds
Feb  5 12:56:15 cs3013 kernel: [    0.462670] pci 0000:00:02.0: Video device with shadowed ROM
Feb  5 12:56:15 cs3013 kernel: [    0.463413] ACPI: PCI Interrupt Link [LNKB] enabled at IRQ 10
Feb  5 12:56:15 cs3013 systemd-modules-load[210]: Inserted module 'lp'
Feb  5 12:56:15 cs3013 systemd-modules-load[210]: Inserted module 'ppdev'
Feb  5 12:56:15 cs3013 systemd-modules-load[210]: Inserted module 'parport_pc'
Feb  5 12:56:15 cs3013 systemd[1]: Starting Apply Kernel Variables...
Feb  5 12:56:15 cs3013 systemd[1]: Mounting FUSE Control File System...
Feb  5 12:56:15 cs3013 systemd[1]: Starting Create Static Device Nodes in /dev...
Feb  5 12:56:15 cs3013 systemd[1]: Started Apply Kernel Variables.
Feb  5 12:56:15 cs3013 systemd[1]: Mounted FUSE Control File System.
Feb  5 12:56:15 cs3013 systemd[1]: Started Create Static Device Nodes in /dev.
Feb  5 12:56:15 cs3013 loadkeys[215]: Loading /etc/console-setup/cached.kmap.gz
Feb  5 12:56:15 cs3013 systemd[1]: Started Set console keymap.
Feb  5 12:56:15 cs3013 systemd[1]: Starting udev Kernel Device Manager...
Feb  5 12:56:15 cs3013 systemd[1]: Started udev Kernel Device Manager.
Feb  5 12:56:15 cs3013 systemd[1]: Starting Remount Root and Kernel File Systems...
Feb  5 12:56:15 cs3013 systemd[1]: Started Remount Root and Kernel File Systems.
Feb  5 12:56:15 cs3013 systemd[1]: Reached target Local File Systems (Pre).
Feb  5 12:56:15 cs3013 systemd[1]: Starting Load/Save Random Seed...
Feb  5 12:56:15 cs3013 systemd[1]: Starting udev Coldplug all Devices...
Feb  5 12:56:15 cs3013 systemd[1]: Reached target Local File Systems.
Feb  5 12:56:15 cs3013 systemd[1]: Starting Clean up any mess left by 0dns-up...
Feb  5 12:56:15 cs3013 systemd[1]: Starting LSB: AppArmor initialization...
Feb  5 12:56:15 cs3013 systemd[1]: Starting Tell Plymouth To Write Out Runtime Data...
Feb  5 12:56:15 cs3013 systemd[1]: Starting Set console font and keymap...
Feb  5 12:56:15 cs3013 systemd[1]: Starting Flush Journal to Persistent Storage...
Feb  5 12:56:15 cs3013 systemd[1]: Started Load/Save Random Seed.
Feb  5 12:56:15 cs3013 systemd[1]: Started Tell Plymouth To Write Out Runtime Data.
Feb  5 12:56:15 cs3013 systemd[1]: Started Clean up any mess left by 0dns-up.
Feb  5 12:56:15 cs3013 systemd[1]: Started udev Coldplug all Devices.
Feb  5 12:56:15 cs3013 systemd[1]: Started Flush Journal to Persistent Storage.
Feb  5 12:56:15 cs3013 apparmor[267]:  * Starting AppArmor profiles
Feb  5 12:56:15 cs3013 systemd[1]: Starting Create Volatile Files and Directories...
Feb  5 12:56:15 cs3013 systemd[1]: Starting Show Plymouth Boot Screen...
Feb  5 12:56:15 cs3013 systemd-tmpfiles[321]: [/usr/lib/tmpfiles.d/var.conf:14] Duplicate line for path "/var/log", ignoring.
Feb  5 12:56:15 cs3013 systemd[1]: Starting Nameserver information manager...
Feb  5 12:56:15 cs3013 systemd[1]: Started Create Volatile Files and Directories.
Feb  5 12:56:15 cs3013 systemd[1]: Started Show Plymouth Boot Screen.
Feb  5 12:56:15 cs3013 systemd[1]: Started Nameserver information manager.
Feb  5 12:56:15 cs3013 systemd[1]: Started Forward Password Requests to Plymouth Directory Watch.
Feb  5 12:56:15 cs3013 apparmor[267]: Skipping profile in /etc/apparmor.d/disable: usr.bin.firefox
Feb  5 12:56:15 cs3013 systemd[1]: Starting Update UTMP about System Boot/Shutdown...
Feb  5 12:56:15 cs3013 systemd[1]: Reached target System Time Synchronized.
Feb  5 12:56:15 cs3013 systemd[1]: Started Update UTMP about System Boot/Shutdown.
Feb  5 12:56:15 cs3013 apparmor[267]: Skipping profile in /etc/apparmor.d/disable: usr.sbin.rsyslogd
Feb  5 12:56:15 cs3013 apparmor[267]:    ...done.
Feb  5 12:56:15 cs3013 systemd[1]: Started LSB: AppArmor initialization.
Feb  5 12:56:15 cs3013 systemd[1]: Starting Raise network interfaces...
Feb  5 12:56:15 cs3013 systemd[1]: Received SIGRTMIN+20 from PID 335 (plymouthd).
Feb  5 12:56:15 cs3013 systemd[1]: Started Raise network interfaces.
Feb  5 12:56:15 cs3013 mtp-probe: checking bus 2, device 2: "/sys/devices/pci0000:00/0000:00:06.0/usb2/2-1"
Feb  5 12:56:15 cs3013 mtp-probe: bus: 2, device: 2 was not an MTP device
Feb  5 12:56:15 cs3013 systemd[1]: Started Set console font and keymap.
Feb  5 12:56:15 cs3013 systemd[1]: Created slice system-getty.slice.
Feb  5 12:56:15 cs3013 systemd-udevd[266]: Process '/lib/udev/hdparm' failed with exit code 5.
Feb  5 12:56:15 cs3013 systemd[1]: Found device VBOX_HARDDISK 5.
Feb  5 12:56:15 cs3013 systemd[1]: Activating swap /dev/disk/by-uuid/44a70090-06d8-44b7-9479-554836d3853a...
Feb  5 12:56:15 cs3013 systemd[1]: Activated swap /dev/disk/by-uuid/44a70090-06d8-44b7-9479-554836d3853a.
Feb  5 12:56:15 cs3013 systemd[1]: Reached target Swap.
Feb  5 12:56:15 cs3013 systemd[1]: Reached target System Initialization.
Feb  5 12:56:15 cs3013 systemd[1]: Started Daily Cleanup of Temporary Directories.
Feb  5 12:56:15 cs3013 systemd[1]: Listening on D-Bus System Message Bus Socket.
Feb  5 12:56:15 cs3013 systemd[1]: Listening on Avahi mDNS/DNS-SD Stack Activation Socket.
Feb  5 12:56:15 cs3013 systemd[1]: Listening on ACPID Listen Socket.
Feb  5 12:56:15 cs3013 systemd[1]: Started CUPS Scheduler.
Feb  5 12:56:15 cs3013 systemd[1]: Listening on CUPS Scheduler.
Feb  5 12:56:15 cs3013 systemd[1]: Started ACPI Events Check.
Feb  5 12:56:15 cs3013 systemd[1]: Starting Socket activation for snappy daemon.
Feb  5 12:56:15 cs3013 systemd[1]: Listening on UUID daemon activation socket.
Feb  5 12:56:15 cs3013 systemd[1]: snapd.refresh.timer: Adding 3h 6min 55.628347s random time.
Feb  5 12:56:15 cs3013 systemd[1]: snapd.refresh.timer: Adding 4h 17min 19.198428s random time.
Feb  5 12:56:15 cs3013 systemd[1]: Started Timer to automatically refresh installed snaps.
Feb  5 12:56:15 cs3013 systemd[1]: apt-daily.timer: Adding 1h 12min 25.739082s random time.
Feb  5 12:56:15 cs3013 systemd[1]: Started Daily apt activities.
Feb  5 12:56:15 cs3013 systemd[1]: Reached target Timers.
Feb  5 12:56:15 cs3013 systemd[1]: Started Trigger resolvconf update for networkd DNS.
Feb  5 12:56:15 cs3013 systemd[1]: Reached target Paths.
Feb  5 12:56:15 cs3013 systemd[1]: Listening on Socket activation for snappy daemon.
Feb  5 12:56:15 cs3013 systemd[1]: Reached target Sockets.
Feb  5 12:56:15 cs3013 systemd[1]: Reached target Basic System.
Feb  5 12:56:15 cs3013 systemd[1]: Started Snappy daemon.
Feb  5 12:56:15 cs3013 systemd[1]: Started Run anacron jobs.
Feb  5 12:56:15 cs3013 systemd[1]: Started crash report submission daemon.
Feb  5 12:56:15 cs3013 systemd[1]: Starting Modem Manager...
Feb  5 12:56:15 cs3013 anacron[656]: Anacron 2.3 started on 2019-02-05
Feb  5 12:56:15 cs3013 anacron[656]: Will run job `cron.daily' in 5 min.
Feb  5 12:56:15 cs3013 anacron[656]: Jobs will be executed sequentially
Feb  5 12:56:15 cs3013 systemd[1]: Starting Permit User Sessions...
Feb  5 12:56:15 cs3013 systemd[1]: Starting LSB: daemon to balance interrupts for SMP systems...
Feb  5 12:56:15 cs3013 systemd[1]: Started Regular background program processing daemon.
Feb  5 12:56:15 cs3013 cron[668]: (CRON) INFO (pidfile fd = 3)
Feb  5 12:56:15 cs3013 ModemManager[663]: <info>  ModemManager (version 1.4.12) starting in system bus...
Feb  5 12:56:15 cs3013 systemd[1]: Starting vboxadd.service...
Feb  5 12:56:15 cs3013 cron[668]: (CRON) INFO (Running @reboot jobs)
Feb  5 12:56:15 cs3013 systemd[1]: Starting Accounts Service...
Feb  5 12:56:15 cs3013 systemd[1]: Started D-Bus System Message Bus.
Feb  5 12:56:15 cs3013 whoopsie[657]: [12:56:15] Using lock path: /var/lock/whoopsie/lock
Feb  5 12:56:15 cs3013 /usr/lib/snapd/snapd[655]: daemon.go:207: DEBUG: init done in 967.897Âµs
Feb  5 12:56:15 cs3013 dbus[688]: [system] AppArmor D-Bus mediation is enabled
Feb  5 12:56:15 cs3013 dbus[688]: [system] Activating systemd to hand-off: service name='org.freedesktop.PolicyKit1' unit='polkitd.service'
Feb  5 12:56:15 cs3013 dbus[688]: [system] Successfully activated service 'org.freedesktop.systemd1'
Feb  5 12:56:15 cs3013 systemd[1]: Starting System Logging Service...
Feb  5 12:56:15 cs3013 systemd[1]: Starting vboxadd-x11.service...
Feb  5 12:56:15 cs3013 systemd[1]: Starting Detect the available GPUs and deal with any system changes...
Feb  5 12:56:15 cs3013 gpu-manager[711]: /etc/modprobe.d is not a file
Feb  5 12:56:15 cs3013 systemd[1]: Starting LSB: Set the CPU Frequency Scaling governor to "ondemand"...
Feb  5 12:56:15 cs3013 systemd[1]: Starting Auto import assertions from block devices...
Feb  5 12:56:15 cs3013 gpu-manager[711]: /etc/modprobe.d is not a file
Feb  5 12:56:15 cs3013 systemd[1]: Starting LSB: Speech Dispatcher...
Feb  5 12:56:15 cs3013 whoopsie[657]: [12:56:15] Could not get the Network Manager state:
Feb  5 12:56:15 cs3013 whoopsie[657]: [12:56:15] GDBus.Error:org.freedesktop.DBus.Error.ServiceUnknown: The name org.freedesktop.NetworkManager was not provided by any .service files
Feb  5 12:56:15 cs3013 kernel: [    0.463415] PCI: setting IRQ 10 as level-triggered
Feb  5 12:56:15 cs3013 kernel: [    0.465122] ACPI: PCI Interrupt Link [LNKC] enabled at IRQ 9
Feb  5 12:56:15 cs3013 kernel: [    0.465124] PCI: setting IRQ 9 as level-triggered
Feb  5 12:56:15 cs3013 kernel: [    0.465635] PCI: CLS 0 bytes, default 64
Feb  5 12:56:15 cs3013 kernel: [    0.465695] Trying to unpack rootfs image as initramfs...
Feb  5 12:56:15 cs3013 kernel: [    0.986182] Freeing initrd memory: 36184K (f3944000 - f5c9a000)
Feb  5 12:56:15 cs3013 kernel: [    0.986330] platform rtc_cmos: registered platform RTC device (no PNP device found)
Feb  5 12:56:15 cs3013 kernel: [    0.986355] Scanning for low memory corruption every 60 seconds
Feb  5 12:56:15 cs3013 kernel: [    0.986635] futex hash table entries: 256 (order: 2, 16384 bytes)
Feb  5 12:56:15 cs3013 kernel: [    0.986653] audit: initializing netlink subsys (disabled)
Feb  5 12:56:15 cs3013 kernel: [    0.986666] audit: type=2000 audit(1549397934.516:1): initialized
Feb  5 12:56:15 cs3013 kernel: [    0.986965] Initialise system trusted keyring
Feb  5 12:56:15 cs3013 kernel: [    0.987049] HugeTLB registered 2 MB page size, pre-allocated 0 pages
Feb  5 12:56:15 cs3013 kernel: [    0.988261] zbud: loaded
Feb  5 12:56:15 cs3013 kernel: [    0.988328] VFS: Disk quotas dquot_6.6.0
Feb  5 12:56:15 cs3013 kernel: [    0.988355] VFS: Dquot-cache hash table entries: 1024 (order 0, 4096 bytes)
Feb  5 12:56:15 cs3013 kernel: [    0.988536] squashfs: version 4.0 (2009/01/31) Phillip Lougher
Feb  5 12:56:15 cs3013 kernel: [    0.988705] fuse init (API version 7.23)
Feb  5 12:56:15 cs3013 kernel: [    0.988866] Key type big_key registered
Feb  5 12:56:15 cs3013 kernel: [    0.988902] Allocating IMA MOK and blacklist keyrings.
Feb  5 12:56:15 cs3013 kernel: [    0.989084] Key type asymmetric registered
Feb  5 12:56:15 cs3013 kernel: [    0.989089] Asymmetric key parser 'x509' registered
Feb  5 12:56:15 cs3013 kernel: [    0.989101] bounce: pool size: 64 pages
Feb  5 12:56:15 cs3013 kernel: [    0.989127] Block layer SCSI generic (bsg) driver version 0.4 loaded (major 249)
Feb  5 12:56:15 cs3013 kernel: [    0.989143] io scheduler noop registered
Feb  5 12:56:15 cs3013 kernel: [    0.989146] io scheduler deadline registered (default)
Feb  5 12:56:15 cs3013 kernel: [    0.989173] io scheduler cfq registered
Feb  5 12:56:15 cs3013 kernel: [    0.989256] pci_hotplug: PCI Hot Plug PCI Core version: 0.5
Feb  5 12:56:15 cs3013 kernel: [    0.989261] pciehp: PCI Express Hot Plug Controller Driver version: 0.4
Feb  5 12:56:15 cs3013 kernel: [    0.989379] ACPI: AC Adapter [AC] (on-line)
Feb  5 12:56:15 cs3013 kernel: [    0.989430] input: Power Button as /devices/LNXSYSTM:00/LNXPWRBN:00/input/input0
Feb  5 12:56:15 cs3013 kernel: [    0.989433] ACPI: Power Button [PWRF]
Feb  5 12:56:15 cs3013 kernel: [    0.989496] input: Sleep Button as /devices/LNXSYSTM:00/LNXSLPBN:00/input/input1
Feb  5 12:56:15 cs3013 kernel: [    0.989498] ACPI: Sleep Button [SLPF]
Feb  5 12:56:15 cs3013 kernel: [    0.989582] GHES: HEST is not enabled!
Feb  5 12:56:15 cs3013 kernel: [    0.990358] ACPI: Battery Slot [BAT0] (battery present)
Feb  5 12:56:15 cs3013 kernel: [    0.990380] isapnp: Scanning for PnP cards...
Feb  5 12:56:15 cs3013 kernel: [    0.996060] Serial: 8250/16550 driver, 32 ports, IRQ sharing enabled
Feb  5 12:56:15 cs3013 kernel: [    0.997297] Linux agpgart interface v0.103
Feb  5 12:56:15 cs3013 kernel: [    1.043063] brd: module loaded
Feb  5 12:56:15 cs3013 kernel: [    1.043870] loop: module loaded
Feb  5 12:56:15 cs3013 kernel: [    1.043989] ata_piix 0000:00:01.1: version 2.13
Feb  5 12:56:15 cs3013 kernel: [    1.044288] scsi host0: ata_piix
Feb  5 12:56:15 cs3013 kernel: [    1.044339] scsi host1: ata_piix
Feb  5 12:56:15 cs3013 kernel: [    1.044368] ata1: PATA max UDMA/33 cmd 0x1f0 ctl 0x3f6 bmdma 0xd000 irq 14
Feb  5 12:56:15 cs3013 kernel: [    1.044370] ata2: PATA max UDMA/33 cmd 0x170 ctl 0x376 bmdma 0xd008 irq 15
Feb  5 12:56:15 cs3013 kernel: [    1.044487] libphy: Fixed MDIO Bus: probed
Feb  5 12:56:15 cs3013 kernel: [    1.044490] tun: Universal TUN/TAP device driver, 1.6
Feb  5 12:56:15 cs3013 kernel: [    1.044491] tun: (C) 1999-2004 Max Krasnyansky <maxk@qualcomm.com>
Feb  5 12:56:15 cs3013 kernel: [    1.044833] PPP generic driver version 2.4.2
Feb  5 12:56:15 cs3013 kernel: [    1.044881] ehci_hcd: USB 2.0 'Enhanced' Host Controller (EHCI) Driver
Feb  5 12:56:15 cs3013 kernel: [    1.044899] ehci-pci: EHCI PCI platform driver
Feb  5 12:56:15 cs3013 kernel: [    1.045522] ehci-pci 0000:00:0b.0: EHCI Host Controller
Feb  5 12:56:15 cs3013 kernel: [    1.045527] ehci-pci 0000:00:0b.0: new USB bus registered, assigned bus number 1
Feb  5 12:56:15 cs3013 kernel: [    1.045664] ehci-pci 0000:00:0b.0: irq 9, io mem 0xf0805000
Feb  5 12:56:15 cs3013 kernel: [    1.098518] ehci-pci 0000:00:0b.0: USB 2.0 started, EHCI 1.00
Feb  5 12:56:15 cs3013 kernel: [    1.098561] usb usb1: New USB device found, idVendor=1d6b, idProduct=0002
Feb  5 12:56:15 cs3013 kernel: [    1.098563] usb usb1: New USB device strings: Mfr=3, Product=2, SerialNumber=1
Feb  5 12:56:15 cs3013 kernel: [    1.098565] usb usb1: Product: EHCI Host Controller
Feb  5 12:56:15 cs3013 kernel: [    1.098566] usb usb1: Manufacturer: Linux 4.4.35cshue ehci_hcd
Feb  5 12:56:15 cs3013 kernel: [    1.098568] usb usb1: SerialNumber: 0000:00:0b.0
Feb  5 12:56:15 cs3013 kernel: [    1.098654] hub 1-0:1.0: USB hub found
Feb  5 12:56:15 cs3013 kernel: [    1.098659] hub 1-0:1.0: 12 ports detected
Feb  5 12:56:15 cs3013 kernel: [    1.098896] ehci-platform: EHCI generic platform driver
Feb  5 12:56:15 cs3013 kernel: [    1.098905] ohci_hcd: USB 1.1 'Open' Host Controller (OHCI) Driver
Feb  5 12:56:15 cs3013 kernel: [    1.098909] ohci-pci: OHCI PCI platform driver
Feb  5 12:56:15 cs3013 kernel: [    1.099527] ohci-pci 0000:00:06.0: OHCI PCI host controller
Feb  5 12:56:15 cs3013 kernel: [    1.099532] ohci-pci 0000:00:06.0: new USB bus registered, assigned bus number 2
Feb  5 12:56:15 cs3013 kernel: [    1.099563] ohci-pci 0000:00:06.0: irq 10, io mem 0xf0804000
Feb  5 12:56:15 cs3013 kernel: [    1.187817] usb usb2: New USB device found, idVendor=1d6b, idProduct=0001
Feb  5 12:56:15 cs3013 kernel: [    1.187820] usb usb2: New USB device strings: Mfr=3, Product=2, SerialNumber=1
Feb  5 12:56:15 cs3013 kernel: [    1.187822] usb usb2: Product: OHCI PCI host controller
Feb  5 12:56:15 cs3013 kernel: [    1.187824] usb usb2: Manufacturer: Linux 4.4.35cshue ohci_hcd
Feb  5 12:56:15 cs3013 kernel: [    1.187826] usb usb2: SerialNumber: 0000:00:06.0
Feb  5 12:56:15 cs3013 kernel: [    1.187938] hub 2-0:1.0: USB hub found
Feb  5 12:56:15 cs3013 kernel: [    1.187951] hub 2-0:1.0: 12 ports detected
Feb  5 12:56:15 cs3013 kernel: [    1.188295] ohci-platform: OHCI generic platform driver
Feb  5 12:56:15 cs3013 kernel: [    1.188305] uhci_hcd: USB Universal Host Controller Interface driver
Feb  5 12:56:15 cs3013 kernel: [    1.188356] i8042: PNP: PS/2 Controller [PNP0303:PS2K,PNP0f03:PS2M] at 0x60,0x64 irq 1,12
Feb  5 12:56:15 cs3013 kernel: [    1.188706] serio: i8042 KBD port at 0x60,0x64 irq 1
Feb  5 12:56:15 cs3013 kernel: [    1.188710] serio: i8042 AUX port at 0x60,0x64 irq 12
Feb  5 12:56:15 cs3013 kernel: [    1.188802] mousedev: PS/2 mouse device common for all mice
Feb  5 12:56:15 cs3013 kernel: [    1.189181] input: AT Translated Set 2 keyboard as /devices/platform/i8042/serio0/input/input2
Feb  5 12:56:15 cs3013 kernel: [    1.189540] rtc_cmos rtc_cmos: rtc core: registered rtc_cmos as rtc0
Feb  5 12:56:15 cs3013 kernel: [    1.189562] rtc_cmos rtc_cmos: alarms up to one day, 114 bytes nvram
Feb  5 12:56:15 cs3013 kernel: [    1.189568] i2c /dev entries driver
Feb  5 12:56:15 cs3013 kernel: [    1.189610] device-mapper: uevent: version 1.0.3
Feb  5 12:56:15 cs3013 kernel: [    1.189658] device-mapper: ioctl: 4.34.0-ioctl (2015-10-28) initialised: dm-devel@redhat.com
Feb  5 12:56:15 cs3013 kernel: [    1.189678] platform eisa.0: Probing EISA bus 0
Feb  5 12:56:15 cs3013 kernel: [    1.189680] platform eisa.0: EISA: Cannot allocate resource for mainboard
Feb  5 12:56:15 cs3013 kernel: [    1.189682] platform eisa.0: Cannot allocate resource for EISA slot 1
Feb  5 12:56:15 cs3013 kernel: [    1.189684] platform eisa.0: Cannot allocate resource for EISA slot 2
Feb  5 12:56:15 cs3013 kernel: [    1.189686] platform eisa.0: Cannot allocate resource for EISA slot 3
Feb  5 12:56:15 cs3013 kernel: [    1.189687] platform eisa.0: Cannot allocate resource for EISA slot 4
Feb  5 12:56:15 cs3013 kernel: [    1.189689] platform eisa.0: Cannot allocate resource for EISA slot 5
Feb  5 12:56:15 cs3013 kernel: [    1.189690] platform eisa.0: Cannot allocate resource for EISA slot 6
Feb  5 12:56:15 cs3013 kernel: [    1.189692] platform eisa.0: Cannot allocate resource for EISA slot 7
Feb  5 12:56:15 cs3013 kernel: [    1.189694] platform eisa.0: Cannot allocate resource for EISA slot 8
Feb  5 12:56:15 cs3013 kernel: [    1.189695] platform eisa.0: EISA: Detected 0 cards
Feb  5 12:56:15 cs3013 kernel: [    1.189710] cpufreq-nforce2: No nForce2 chipset.
Feb  5 12:56:15 cs3013 kernel: [    1.189717] ledtrig-cpu: registered to indicate activity on CPUs
Feb  5 12:56:15 cs3013 kernel: [    1.190281] NET: Registered protocol family 10
Feb  5 12:56:15 cs3013 kernel: [    1.190439] NET: Registered protocol family 17
Feb  5 12:56:15 cs3013 kernel: [    1.190450] Key type dns_resolver registered
Feb  5 12:56:15 cs3013 kernel: [    1.190590] microcode: CPU0 sig=0x506e3, pf=0x2, revision=0x0
Feb  5 12:56:15 cs3013 kernel: [    1.190613] microcode: Microcode Update Driver: v2.01 <tigran@aivazian.fsnet.co.uk>, Peter Oruba
Feb  5 12:56:15 cs3013 kernel: [    1.190622] Using IPI No-Shortcut mode
Feb  5 12:56:15 cs3013 kernel: [    1.190717] registered taskstats version 1
Feb  5 12:56:15 cs3013 kernel: [    1.190728] Loading compiled-in X.509 certificates
Feb  5 12:56:15 cs3013 kernel: [    1.192633] Loaded X.509 cert 'Build time autogenerated kernel key: 988a6317c3bd3d8cbd98610a820468859002ff8f'
Feb  5 12:56:15 cs3013 kernel: [    1.192649] zswap: loaded using pool lzo/zbud
Feb  5 12:56:15 cs3013 kernel: [    1.194559] Key type trusted registered
Feb  5 12:56:15 cs3013 kernel: [    1.198336] Key type encrypted registered
Feb  5 12:56:15 cs3013 kernel: [    1.198343] AppArmor: AppArmor sha1 policy hashing enabled
Feb  5 12:56:15 cs3013 kernel: [    1.198353] ima: No TPM chip found, activating TPM-bypass!
Feb  5 12:56:15 cs3013 kernel: [    1.198369] evm: HMAC attrs: 0x1
Feb  5 12:56:15 cs3013 kernel: [    1.199459] ata2.00: ATAPI: VBOX CD-ROM, 1.0, max UDMA/133
Feb  5 12:56:15 cs3013 kernel: [    1.199852] ata2.00: configured for UDMA/33
Feb  5 12:56:15 cs3013 kernel: [    1.200045]   Magic number: 7:45:946
Feb  5 12:56:15 cs3013 kernel: [    1.200077] tty tty3: hash matches
Feb  5 12:56:15 cs3013 kernel: [    1.200119] rtc_cmos rtc_cmos: setting system clock to 2019-02-05 17:56:09 UTC (1549389369)
Feb  5 12:56:15 cs3013 kernel: [    1.200174] BIOS EDD facility v0.16 2004-Jun-25, 0 devices found
Feb  5 12:56:15 cs3013 kernel: [    1.200175] EDD information not available.
Feb  5 12:56:15 cs3013 kernel: [    1.200214] PM: Hibernation image not present or could not be loaded.
Feb  5 12:56:15 cs3013 kernel: [    1.376955] isapnp: No Plug & Play device found
Feb  5 12:56:15 cs3013 kernel: [    1.377265] scsi 1:0:0:0: CD-ROM            VBOX     CD-ROM           1.0  PQ: 0 ANSI: 5
Feb  5 12:56:15 cs3013 kernel: [    1.382928] sr 1:0:0:0: [sr0] scsi3-mmc drive: 32x/32x xa/form2 tray
Feb  5 12:56:15 cs3013 kernel: [    1.382930] cdrom: Uniform CD-ROM driver Revision: 3.20
Feb  5 12:56:15 cs3013 kernel: [    1.383050] sr 1:0:0:0: Attached scsi CD-ROM sr0
Feb  5 12:56:15 cs3013 kernel: [    1.383104] sr 1:0:0:0: Attached scsi generic sg0 type 5
Feb  5 12:56:15 cs3013 kernel: [    1.383419] Freeing unused kernel memory: 944K (c1b87000 - c1c73000)
Feb  5 12:56:15 cs3013 kernel: [    1.383502] Write protecting the kernel text: 7912k
Feb  5 12:56:15 cs3013 kernel: [    1.383539] Write protecting the kernel read-only data: 3116k
Feb  5 12:56:15 cs3013 kernel: [    1.383541] NX-protecting the kernel data: 6424k
Feb  5 12:56:15 cs3013 kernel: [    1.397662] random: systemd-udevd: uninitialized urandom read (16 bytes read, 2 bits of entropy available)
Feb  5 12:56:15 cs3013 kernel: [    1.397753] random: systemd-udevd: uninitialized urandom read (16 bytes read, 2 bits of entropy available)
Feb  5 12:56:15 cs3013 kernel: [    1.398514] random: udevadm: uninitialized urandom read (16 bytes read, 2 bits of entropy available)
Feb  5 12:56:15 cs3013 kernel: [    1.398638] random: udevadm: uninitialized urandom read (16 bytes read, 2 bits of entropy available)
Feb  5 12:56:15 cs3013 kernel: [    1.398737] random: udevadm: uninitialized urandom read (16 bytes read, 2 bits of entropy available)
Feb  5 12:56:15 cs3013 kernel: [    1.398810] random: udevadm: uninitialized urandom read (16 bytes read, 2 bits of entropy available)
Feb  5 12:56:15 cs3013 kernel: [    1.398889] random: udevadm: uninitialized urandom read (16 bytes read, 2 bits of entropy available)
Feb  5 12:56:15 cs3013 kernel: [    1.398963] random: udevadm: uninitialized urandom read (16 bytes read, 2 bits of entropy available)
Feb  5 12:56:15 cs3013 kernel: [    1.399027] random: udevadm: uninitialized urandom read (16 bytes read, 2 bits of entropy available)
Feb  5 12:56:15 cs3013 kernel: [    1.399090] random: udevadm: uninitialized urandom read (16 bytes read, 2 bits of entropy available)
Feb  5 12:56:15 cs3013 kernel: [    1.445013] ACPI: Video Device [GFX0] (multi-head: yes  rom: no  post: no)
Feb  5 12:56:15 cs3013 kernel: [    1.445094] input: Video Bus as /devices/LNXSYSTM:00/LNXSYBUS:00/PNP0A03:00/LNXVIDEO:00/input/input4
Feb  5 12:56:15 cs3013 kernel: [    1.448891] FUJITSU Extended Socket Network Device Driver - version 1.0 - Copyright (c) 2015 FUJITSU LIMITED
Feb  5 12:56:15 cs3013 kernel: [    1.461400] e1000: Intel(R) PRO/1000 Network Driver - version 7.3.21-k8-NAPI
Feb  5 12:56:15 cs3013 kernel: [    1.461402] e1000: Copyright (c) 1999-2006 Intel Corporation.
Feb  5 12:56:15 cs3013 kernel: [    1.597556] usb 2-1: new full-speed USB device number 2 using ohci-pci
Feb  5 12:56:15 cs3013 kernel: [    1.683985] input: ImExPS/2 Generic Explorer Mouse as /devices/platform/i8042/serio1/input/input5
Feb  5 12:56:15 cs3013 systemd[1]: Starting LSB: automatic crash report generation...
Feb  5 12:56:15 cs3013 gpu-manager[711]: /etc/modprobe.d is not a file
Feb  5 12:56:15 cs3013 systemd[1]: Starting Network Manager...
Feb  5 12:56:15 cs3013 systemd[1]: Starting LSB: Record successful boot for GRUB...
Feb  5 12:56:15 cs3013 kernel: [    1.869222] e1000 0000:00:03.0 eth0: (PCI:33MHz:32-bit) 08:00:27:7f:b5:50
Feb  5 12:56:15 cs3013 kernel: [    1.869228] e1000 0000:00:03.0 eth0: Intel(R) PRO/1000 Network Connection
Feb  5 12:56:15 cs3013 kernel: [    1.869252] ahci 0000:00:0d.0: version 3.0
Feb  5 12:56:15 cs3013 kernel: [    1.870452] ACPI: PCI Interrupt Link [LNKA] enabled at IRQ 11
Feb  5 12:56:15 cs3013 kernel: [    1.870454] PCI: setting IRQ 11 as level-triggered
Feb  5 12:56:15 cs3013 kernel: [    1.870569] ahci 0000:00:0d.0: SSS flag set, parallel bus scan disabled
Feb  5 12:56:15 cs3013 kernel: [    1.870711] ahci 0000:00:0d.0: AHCI 0001.0100 32 slots 1 ports 3 Gbps 0x1 impl SATA mode
Feb  5 12:56:15 cs3013 kernel: [    1.870715] ahci 0000:00:0d.0: flags: 64bit ncq stag only ccc 
Feb  5 12:56:15 cs3013 kernel: [    1.871855] e1000 0000:00:03.0 enp0s3: renamed from eth0
Feb  5 12:56:15 cs3013 kernel: [    1.873140] scsi host2: ahci
Feb  5 12:56:15 cs3013 kernel: [    1.873268] ata3: SATA max UDMA/133 abar m8192@0xf0806000 port 0xf0806100 irq 11
Feb  5 12:56:15 cs3013 kernel: [    1.889794] usb 2-1: New USB device found, idVendor=80ee, idProduct=0021
Feb  5 12:56:15 cs3013 kernel: [    1.889797] usb 2-1: New USB device strings: Mfr=1, Product=3, SerialNumber=0
Feb  5 12:56:15 cs3013 kernel: [    1.889799] usb 2-1: Product: USB Tablet
Feb  5 12:56:15 cs3013 kernel: [    1.889801] usb 2-1: Manufacturer: VirtualBox
Feb  5 12:56:15 cs3013 kernel: [    1.901837] hidraw: raw HID events driver (C) Jiri Kosina
Feb  5 12:56:15 cs3013 kernel: [    1.917497] usbcore: registered new interface driver usbhid
Feb  5 12:56:15 cs3013 kernel: [    1.917499] usbhid: USB HID core driver
Feb  5 12:56:15 cs3013 kernel: [    1.925167] input: VirtualBox USB Tablet as /devices/pci0000:00/0000:00:06.0/usb2/2-1/2-1:1.0/0003:80EE:0021.0001/input/input6
Feb  5 12:56:15 cs3013 kernel: [    1.925466] hid-generic 0003:80EE:0021.0001: input,hidraw0: USB HID v1.10 Mouse [VirtualBox USB Tablet] on usb-0000:00:06.0-1/input0
Feb  5 12:56:15 cs3013 kernel: [    1.982595] tsc: Refined TSC clocksource calibration: 2303.737 MHz
Feb  5 12:56:15 cs3013 kernel: [    1.982605] clocksource: tsc: mask: 0xffffffffffffffff max_cycles: 0x2134ff8ac73, max_idle_ns: 440795323437 ns
Feb  5 12:56:15 cs3013 kernel: [    2.191138] ata3: SATA link up 3.0 Gbps (SStatus 123 SControl 300)
Feb  5 12:56:15 cs3013 kernel: [    2.191419] ata3.00: ATA-6: VBOX HARDDISK, 1.0, max UDMA/133
Feb  5 12:56:15 cs3013 kernel: [    2.191427] ata3.00: 52428800 sectors, multi 128: LBA48 NCQ (depth 31/32)
Feb  5 12:56:15 cs3013 kernel: [    2.191962] ata3.00: configured for UDMA/133
Feb  5 12:56:15 cs3013 kernel: [    2.192172] scsi 2:0:0:0: Direct-Access     ATA      VBOX HARDDISK    1.0  PQ: 0 ANSI: 5
Feb  5 12:56:15 cs3013 kernel: [    2.192734] sd 2:0:0:0: [sda] 52428800 512-byte logical blocks: (26.8 GB/25.0 GiB)
Feb  5 12:56:15 cs3013 kernel: [    2.192818] sd 2:0:0:0: [sda] Write Protect is off
Feb  5 12:56:15 cs3013 kernel: [    2.192827] sd 2:0:0:0: [sda] Mode Sense: 00 3a 00 00
Feb  5 12:56:15 cs3013 kernel: [    2.192865] sd 2:0:0:0: [sda] Write cache: enabled, read cache: enabled, doesn't support DPO or FUA
Feb  5 12:56:15 cs3013 kernel: [    2.193309] sd 2:0:0:0: Attached scsi generic sg1 type 0
Feb  5 12:56:15 cs3013 kernel: [    2.195799]  sda: sda1 sda2 < sda5 >
Feb  5 12:56:15 cs3013 kernel: [    2.196456] sd 2:0:0:0: [sda] Attached SCSI disk
Feb  5 12:56:15 cs3013 kernel: [    4.531064] floppy0: no floppy controllers found
Feb  5 12:56:15 cs3013 kernel: [    4.531122] work still pending
Feb  5 12:56:15 cs3013 kernel: [    4.601249] EXT4-fs (sda1): mounted filesystem with ordered data mode. Opts: (null)
Feb  5 12:56:15 cs3013 kernel: [    4.908305] lp: driver loaded but no devices found
Feb  5 12:56:15 cs3013 kernel: [    4.919521] ppdev: user-space parallel port driver
Feb  5 12:56:15 cs3013 kernel: [    5.157539] EXT4-fs (sda1): re-mounted. Opts: errors=remount-ro
Feb  5 12:56:15 cs3013 kernel: [    5.674397] audit: type=1400 audit(1549389373.968:2): apparmor="STATUS" operation="profile_load" profile="unconfined" name="/usr/lib/lightdm/lightdm-guest-session" pid=394 comm="apparmor_parser"
Feb  5 12:56:15 cs3013 kernel: [    5.674402] audit: type=1400 audit(1549389373.968:3): apparmor="STATUS" operation="profile_load" profile="unconfined" name="/usr/lib/lightdm/lightdm-guest-session//chromium" pid=394 comm="apparmor_parser"
Feb  5 12:56:15 cs3013 kernel: [    5.691458] audit: type=1400 audit(1549389373.988:4): apparmor="STATUS" operation="profile_load" profile="unconfined" name="/sbin/dhclient" pid=395 comm="apparmor_parser"
Feb  5 12:56:15 cs3013 kernel: [    5.691463] audit: type=1400 audit(1549389373.988:5): apparmor="STATUS" operation="profile_load" profile="unconfined" name="/usr/lib/NetworkManager/nm-dhcp-client.action" pid=395 comm="apparmor_parser"
Feb  5 12:56:15 cs3013 kernel: [    5.691467] audit: type=1400 audit(1549389373.988:6): apparmor="STATUS" operation="profile_load" profile="unconfined" name="/usr/lib/NetworkManager/nm-dhcp-helper" pid=395 comm="apparmor_parser"
Feb  5 12:56:15 cs3013 kernel: [    5.691471] audit: type=1400 audit(1549389373.988:7): apparmor="STATUS" operation="profile_load" profile="unconfined" name="/usr/lib/connman/scripts/dhclient-script" pid=395 comm="apparmor_parser"
Feb  5 12:56:15 cs3013 kernel: [    5.734212] audit: type=1400 audit(1549389374.028:8): apparmor="STATUS" operation="profile_load" profile="unconfined" name="/usr/bin/evince" pid=396 comm="apparmor_parser"
Feb  5 12:56:15 cs3013 kernel: [    5.734218] audit: type=1400 audit(1549389374.028:9): apparmor="STATUS" operation="profile_load" profile="unconfined" name="/usr/bin/evince//sanitized_helper" pid=396 comm="apparmor_parser"
Feb  5 12:56:15 cs3013 kernel: [    5.734221] audit: type=1400 audit(1549389374.028:10): apparmor="STATUS" operation="profile_load" profile="unconfined" name="/usr/bin/evince-previewer" pid=396 comm="apparmor_parser"
Feb  5 12:56:15 cs3013 kernel: [    5.919993] random: nonblocking pool is initialized
Feb  5 12:56:15 cs3013 kernel: [    6.110606] piix4_smbus 0000:00:07.0: SMBus Host Controller at 0x4100, revision 0
Feb  5 12:56:15 cs3013 kernel: [    6.200157] ACPI: PCI Interrupt Link [LNKD] enabled at IRQ 11
Feb  5 12:56:15 cs3013 kernel: [    6.210718] vgdrvHeartbeatInit: Setting up heartbeat to trigger every 2000 milliseconds
Feb  5 12:56:15 cs3013 kernel: [    6.251384] input: Unspecified device as /devices/pci0000:00/0000:00:04.0/input/input7
Feb  5 12:56:15 cs3013 kernel: [    6.252150] vboxguest: misc device minor 55, IRQ 11, I/O port d020, MMIO at 00000000f0400000 (size 0x400000)
Feb  5 12:56:15 cs3013 kernel: [    6.252151] vboxguest: Successfully loaded version 5.0.18_Ubuntu (interface 0x00010004)
Feb  5 12:56:15 cs3013 kernel: [    6.361853] [drm] Initialized drm 1.1.0 20060810
Feb  5 12:56:15 cs3013 kernel: [    6.533429] [drm] VRAM 01000000
Feb  5 12:56:15 cs3013 kernel: [    6.541502] [TTM] Zone  kernel: Available graphics memory: 434246 kiB
Feb  5 12:56:15 cs3013 kernel: [    6.541505] [TTM] Zone highmem: Available graphics memory: 1513514 kiB
Feb  5 12:56:15 cs3013 kernel: [    6.541506] [TTM] Initializing pool allocator
Feb  5 12:56:15 cs3013 kernel: [    6.541511] [TTM] Initializing DMA pool allocator
Feb  5 12:56:15 cs3013 kernel: [    6.541788] fbcon: vboxdrmfb (fb0) is primary device
Feb  5 12:56:15 cs3013 kernel: [    6.587139] Console: switching to colour frame buffer device 100x37
Feb  5 12:56:15 cs3013 kernel: [    6.640160] vboxvideo 0000:00:02.0: fb0: vboxdrmfb frame buffer device
Feb  5 12:56:15 cs3013 kernel: [    6.640165] [drm] Initialized vboxvideo 1.0.0 20130823 for 0000:00:02.0 on minor 0
Feb  5 12:56:15 cs3013 kernel: [    6.647314] intel_rapl: no valid rapl domains found in package 0
Feb  5 12:56:15 cs3013 kernel: [    6.752822] snd_intel8x0 0000:00:05.0: disable (unknown or VT-d) VM optimization
Feb  5 12:56:15 cs3013 kernel: [    6.862062] Adding 1046524k swap on /dev/sda5.  Priority:-1 extents:1 across:1046524k FS
Feb  5 12:56:15 cs3013 gpu-manager[711]: /etc/modprobe.d is not a file
Feb  5 12:56:15 cs3013 systemd[1]: Starting Avahi mDNS/DNS-SD Stack...
Feb  5 12:56:15 cs3013 systemd[1]: Starting Login Service...
Feb  5 12:56:15 cs3013 avahi-daemon[749]: Found user 'avahi' (UID 111) and group 'avahi' (GID 120).
Feb  5 12:56:15 cs3013 avahi-daemon[749]: Successfully dropped root privileges.
Feb  5 12:56:15 cs3013 avahi-daemon[749]: avahi-daemon 0.6.32-rc starting up.
Feb  5 12:56:15 cs3013 avahi-daemon[749]: Successfully called chroot().
Feb  5 12:56:15 cs3013 avahi-daemon[749]: Successfully dropped remaining capabilities.
Feb  5 12:56:15 cs3013 avahi-daemon[749]: No service file found in /etc/avahi/services.
Feb  5 12:56:15 cs3013 avahi-daemon[749]: Network interface enumeration completed.
Feb  5 12:56:15 cs3013 gpu-manager[711]: /etc/modprobe.d is not a file
Feb  5 12:56:15 cs3013 systemd[1]: Started ACPI event daemon.
Feb  5 12:56:15 cs3013 avahi-daemon[749]: Server startup complete. Host name is cs3013.local. Local service cookie is 2405950236.
Feb  5 12:56:15 cs3013 systemd[1]: Starting Thermal Daemon Service...
Feb  5 12:56:15 cs3013 systemd[1]: Started CUPS Scheduler.
Feb  5 12:56:15 cs3013 gpu-manager[711]: Error: can't open /lib/modules/4.4.35cshue/updates/dkms
Feb  5 12:56:15 cs3013 snap[720]: auto-import is disabled on classic
Feb  5 12:56:15 cs3013 gpu-manager[711]: Error: can't open /lib/modules/4.4.35cshue/updates/dkms
Feb  5 12:56:15 cs3013 systemd[1]: Starting Restore /etc/resolv.conf if the system crashed before the ppp link was shut down...
Feb  5 12:56:15 cs3013 systemd[1]: Started System Logging Service.
Feb  5 12:56:15 cs3013 thermald[763]: NO RAPL sysfs present
Feb  5 12:56:15 cs3013 thermald[763]: 22 CPUID levels; family:model:stepping 0x6:5e:3 (6:94:3)
Feb  5 12:56:15 cs3013 thermald[763]: Polling mode is enabled: 4
Feb  5 12:56:15 cs3013 thermald[763]: Thermal DTS: No coretemp sysfs found
Feb  5 12:56:15 cs3013 systemd[1]: Started Permit User Sessions.
Feb  5 12:56:15 cs3013 acpid: starting up with netlink and the input layer
Feb  5 12:56:15 cs3013 acpid: 9 rules loaded
Feb  5 12:56:15 cs3013 acpid: waiting for events: event logging is off
Feb  5 12:56:15 cs3013 systemd[1]: Started Auto import assertions from block devices.
Feb  5 12:56:15 cs3013 systemd[1]: Started Restore /etc/resolv.conf if the system crashed before the ppp link was shut down.
Feb  5 12:56:15 cs3013 thermald[763]: Thermal DTS or hwmon: No Zones present Need to configure manually
Feb  5 12:56:15 cs3013 thermald[763]: No thermal sensors found
Feb  5 12:56:15 cs3013 thermald[763]: THD engine start failed
Feb  5 12:56:15 cs3013 systemd[1]: Started Thermal Daemon Service.
Feb  5 12:56:15 cs3013 NetworkManager[739]: <info>  [1549389375.6427] NetworkManager (version 1.2.2) is starting...
Feb  5 12:56:15 cs3013 NetworkManager[739]: <info>  [1549389375.6480] Read config: /etc/NetworkManager/NetworkManager.conf (etc: default-wifi-powersave-on.conf)
Feb  5 12:56:15 cs3013 gpu-manager[711]: update-alternatives: error: no alternatives for i386-linux-gnu_gfxcore_conf
Feb  5 12:56:15 cs3013 NetworkManager[739]: <info>  [1549389375.6754] manager[0x87040e8]: monitoring kernel firmware directory '/lib/firmware'.
Feb  5 12:56:15 cs3013 NetworkManager[739]: <info>  [1549389375.6770] monitoring ifupdown state file '/run/network/ifstate'.
Feb  5 12:56:15 cs3013 systemd[1]: Started Detect the available GPUs and deal with any system changes.
Feb  5 12:56:15 cs3013 NetworkManager[739]: <info>  [1549389375.6951] dns-mgr[0x8712c50]: set resolv-conf-mode: dnsmasq, plugin="dnsmasq"
Feb  5 12:56:15 cs3013 NetworkManager[739]: <info>  [1549389375.6953] dns-mgr[0x8712c50]: using resolv.conf manager 'resolvconf'
Feb  5 12:56:15 cs3013 dbus[688]: [system] Activating via systemd: service name='org.freedesktop.nm_dispatcher' unit='dbus-org.freedesktop.nm-dispatcher.service'
Feb  5 12:56:15 cs3013 irqbalance[666]:  * Starting SMP IRQ Balancer: irqbalance
Feb  5 12:56:15 cs3013 /usr/sbin/irqbalance: Balancing is ineffective on systems with a single cpu.  Shutting down
Feb  5 12:56:15 cs3013 irqbalance[666]:    ...done.
Feb  5 12:56:15 cs3013 systemd[1]: Started LSB: daemon to balance interrupts for SMP systems.
Feb  5 12:56:16 cs3013 systemd[1]: Started LSB: Set the CPU Frequency Scaling governor to "ondemand".
Feb  5 12:56:16 cs3013 speech-dispatcher[726]:  * speech-dispatcher disabled; edit /etc/default/speech-dispatcher
Feb  5 12:56:16 cs3013 systemd[1]: Started LSB: Speech Dispatcher.
Feb  5 12:56:16 cs3013 systemd[1]: Started LSB: Record successful boot for GRUB.
Feb  5 12:56:16 cs3013 apport[733]:  * Starting automatic crash report generation: apport
Feb  5 12:56:16 cs3013 apport[733]:    ...done.
Feb  5 12:56:16 cs3013 systemd[1]: Started LSB: automatic crash report generation.
Feb  5 12:56:16 cs3013 systemd[1]: Started Avahi mDNS/DNS-SD Stack.
Feb  5 12:56:16 cs3013 systemd[1]: Started Network Manager.
Feb  5 12:56:16 cs3013 systemd[1]: Started Login Service.
Feb  5 12:56:16 cs3013 systemd[1]: Starting Network Manager Script Dispatcher Service...
Feb  5 12:56:16 cs3013 systemd[1]: Reached target Network.
Feb  5 12:56:16 cs3013 systemd[1]: Starting /etc/rc.local Compatibility...
Feb  5 12:56:16 cs3013 systemd[1]: Started Make remote CUPS printers available locally.
Feb  5 12:56:16 cs3013 systemd[1]: Starting Authenticate and Authorize Users to Run Privileged Tasks...
Feb  5 12:56:16 cs3013 systemd[1]: Starting Light Display Manager...
Feb  5 12:56:16 cs3013 dbus[688]: [system] Successfully activated service 'org.freedesktop.nm_dispatcher'
Feb  5 12:56:16 cs3013 NetworkManager[739]: <info>  [1549389376.3364] init!
Feb  5 12:56:16 cs3013 NetworkManager[739]: <info>  [1549389376.3366] management mode: unmanaged
Feb  5 12:56:16 cs3013 NetworkManager[739]: <info>  [1549389376.3369] devices added (path: /sys/devices/pci0000:00/0000:00:03.0/net/enp0s3, iface: enp0s3)
Feb  5 12:56:16 cs3013 NetworkManager[739]: <info>  [1549389376.3369] device added (path: /sys/devices/pci0000:00/0000:00:03.0/net/enp0s3, iface: enp0s3): no ifupdown configuration found.
Feb  5 12:56:16 cs3013 NetworkManager[739]: <info>  [1549389376.3369] devices added (path: /sys/devices/virtual/net/lo, iface: lo)
Feb  5 12:56:16 cs3013 NetworkManager[739]: <info>  [1549389376.3369] device added (path: /sys/devices/virtual/net/lo, iface: lo): no ifupdown configuration found.
Feb  5 12:56:16 cs3013 NetworkManager[739]: <info>  [1549389376.3369] end _init.
Feb  5 12:56:16 cs3013 NetworkManager[739]: <info>  [1549389376.3370] settings: loaded plugin ifupdown: (C) 2008 Canonical Ltd.  To report bugs please use the NetworkManager mailing list. (/usr/lib/i386-linux-gnu/NetworkManager/libnm-settings-plugin-ifupdown.so)
Feb  5 12:56:16 cs3013 NetworkManager[739]: <info>  [1549389376.3370] settings: loaded plugin keyfile: (c) 2007 - 2015 Red Hat, Inc.  To report bugs please use the NetworkManager mailing list.
Feb  5 12:56:16 cs3013 NetworkManager[739]: <info>  [1549389376.3394] SettingsPlugin-Ofono: init!
Feb  5 12:56:16 cs3013 NetworkManager[739]: <warn>  [1549389376.3395] SettingsPlugin-Ofono: file doesn't exist: /var/lib/ofono
Feb  5 12:56:16 cs3013 NetworkManager[739]: <info>  [1549389376.3395] SettingsPlugin-Ofono: end _init.
Feb  5 12:56:16 cs3013 dbus[688]: [system] Activating via systemd: service name='org.freedesktop.hostname1' unit='dbus-org.freedesktop.hostname1.service'
Feb  5 12:56:16 cs3013 NetworkManager[739]: <info>  [1549389376.3395] settings: loaded plugin ofono: (C) 2013-2016 Canonical Ltd.  To report bugs please use the NetworkManager mailing list. (/usr/lib/i386-linux-gnu/NetworkManager/libnm-settings-plugin-ofono.so)
Feb  5 12:56:16 cs3013 NetworkManager[739]: <info>  [1549389376.3395] (141723440) ... get_connections.
Feb  5 12:56:16 cs3013 NetworkManager[739]: <info>  [1549389376.3395] (141723440) ... get_connections (managed=false): return empty list.
Feb  5 12:56:16 cs3013 NetworkManager[739]: <info>  [1549389376.3401] SettingsPlugin-Ofono: (141723560) ... get_connections.
Feb  5 12:56:16 cs3013 NetworkManager[739]: <info>  [1549389376.3401] SettingsPlugin-Ofono: (141723560) connections count: 0
Feb  5 12:56:16 cs3013 NetworkManager[739]: <info>  [1549389376.3402] get unmanaged devices count: 0
Feb  5 12:56:16 cs3013 systemd[1]: Started /etc/rc.local Compatibility.
Feb  5 12:56:16 cs3013 systemd[1]: Started Network Manager Script Dispatcher Service.
Feb  5 12:56:16 cs3013 polkitd[842]: started daemon version 0.105 using authority implementation `local' version `0.105'
Feb  5 12:56:16 cs3013 dbus[688]: [system] Successfully activated service 'org.freedesktop.PolicyKit1'
Feb  5 12:56:16 cs3013 accounts-daemon[687]: started daemon version 0.6.40
Feb  5 12:56:16 cs3013 systemd[1]: Started Authenticate and Authorize Users to Run Privileged Tasks.
Feb  5 12:56:16 cs3013 systemd[1]: Started Accounts Service.
Feb  5 12:56:16 cs3013 systemd[1]: Started Modem Manager.
Feb  5 12:56:16 cs3013 systemd[1]: Received SIGRTMIN+21 from PID 335 (plymouthd).
Feb  5 12:56:16 cs3013 systemd[1]: Started Light Display Manager.
Feb  5 12:56:16 cs3013 systemd[1]: Listening on Load/Save RF Kill Switch Status /dev/rfkill Watch.
Feb  5 12:56:16 cs3013 systemd[1]: Starting Hostname Service...
Feb  5 12:56:16 cs3013 systemd[1]: Starting Hold until boot process finishes up...
Feb  5 12:56:16 cs3013 systemd[1]: Started Hold until boot process finishes up.
Feb  5 12:56:16 cs3013 dbus[688]: [system] Successfully activated service 'org.freedesktop.hostname1'
Feb  5 12:56:16 cs3013 NetworkManager[739]: <info>  [1549389376.7301] settings: hostname: using hostnamed
Feb  5 12:56:16 cs3013 NetworkManager[739]: <info>  [1549389376.7301] settings: hostname changed from (none) to "cs3013"
Feb  5 12:56:16 cs3013 NetworkManager[739]: <info>  [1549389376.7320] Using DHCP client 'dhclient'
Feb  5 12:56:16 cs3013 NetworkManager[739]: <info>  [1549389376.7321] manager: WiFi enabled by radio killswitch; enabled by state file
Feb  5 12:56:16 cs3013 NetworkManager[739]: <info>  [1549389376.7321] manager: WWAN enabled by radio killswitch; enabled by state file
Feb  5 12:56:16 cs3013 NetworkManager[739]: <info>  [1549389376.7321] manager: Networking is enabled by state file
Feb  5 12:56:16 cs3013 NetworkManager[739]: <info>  [1549389376.7322] Loaded device plugin: NMVxlanFactory (internal)
Feb  5 12:56:16 cs3013 NetworkManager[739]: <info>  [1549389376.7322] Loaded device plugin: NMVlanFactory (internal)
Feb  5 12:56:16 cs3013 NetworkManager[739]: <info>  [1549389376.7322] Loaded device plugin: NMVethFactory (internal)
Feb  5 12:56:16 cs3013 NetworkManager[739]: <info>  [1549389376.7323] Loaded device plugin: NMTunFactory (internal)
Feb  5 12:56:16 cs3013 NetworkManager[739]: <info>  [1549389376.7323] Loaded device plugin: NMMacvlanFactory (internal)
Feb  5 12:56:16 cs3013 NetworkManager[739]: <info>  [1549389376.7323] Loaded device plugin: NMIPTunnelFactory (internal)
Feb  5 12:56:16 cs3013 NetworkManager[739]: <info>  [1549389376.7323] Loaded device plugin: NMInfinibandFactory (internal)
Feb  5 12:56:16 cs3013 NetworkManager[739]: <info>  [1549389376.7324] Loaded device plugin: NMEthernetFactory (internal)
Feb  5 12:56:16 cs3013 NetworkManager[739]: <info>  [1549389376.7324] Loaded device plugin: NMBridgeFactory (internal)
Feb  5 12:56:16 cs3013 NetworkManager[739]: <info>  [1549389376.7324] Loaded device plugin: NMBondFactory (internal)
Feb  5 12:56:16 cs3013 NetworkManager[739]: <info>  [1549389376.7394] Loaded device plugin: NMWifiFactory (/usr/lib/i386-linux-gnu/NetworkManager/libnm-device-plugin-wifi.so)
Feb  5 12:56:16 cs3013 nm-dispatcher: req:1 'hostname': new request (1 scripts)
Feb  5 12:56:16 cs3013 nm-dispatcher: req:1 'hostname': start running ordered scripts...
Feb  5 12:56:16 cs3013 systemd[1]: Started Hostname Service.
Feb  5 12:56:16 cs3013 NetworkManager[739]: <info>  [1549389376.7560] Loaded device plugin: NMAtmManager (/usr/lib/i386-linux-gnu/NetworkManager/libnm-device-plugin-adsl.so)
Feb  5 12:56:16 cs3013 NetworkManager[739]: <info>  [1549389376.7621] Loaded device plugin: NMWwanFactory (/usr/lib/i386-linux-gnu/NetworkManager/libnm-device-plugin-wwan.so)
Feb  5 12:56:16 cs3013 NetworkManager[739]: <info>  [1549389376.7667] Loaded device plugin: NMBluezManager (/usr/lib/i386-linux-gnu/NetworkManager/libnm-device-plugin-bluetooth.so)
Feb  5 12:56:16 cs3013 systemd[1]: Started Getty on tty1.
Feb  5 12:56:16 cs3013 NetworkManager[739]: <info>  [1549389376.7727] manager: (enp0s3): new Ethernet device (/org/freedesktop/NetworkManager/Devices/0)
Feb  5 12:56:16 cs3013 NetworkManager[739]: <info>  [1549389376.7764] keyfile: add connection in-memory (5202c4d4-720e-34d1-9ffc-dd561d506b1e,"Wired connection 1")
Feb  5 12:56:16 cs3013 systemd[1]: Reached target Login Prompts.
Feb  5 12:56:16 cs3013 systemd[1]: Starting Set console scheme...
Feb  5 12:56:16 cs3013 NetworkManager[739]: <info>  [1549389376.7900] settings: (enp0s3): created default wired connection 'Wired connection 1'
Feb  5 12:56:16 cs3013 systemd[1]: Started Set console scheme.
Feb  5 12:56:16 cs3013 NetworkManager[739]: <info>  [1549389376.8054] device (enp0s3): state change: unmanaged -> unavailable (reason 'managed') [10 20 2]
Feb  5 12:56:16 cs3013 kernel: [    8.507245] IPv6: ADDRCONF(NETDEV_UP): enp0s3: link is not ready
Feb  5 12:56:16 cs3013 kernel: [    8.511029] e1000: enp0s3 NIC Link is Up 1000 Mbps Full Duplex, Flow Control: RX
Feb  5 12:56:16 cs3013 kernel: [    8.519125] IPv6: ADDRCONF(NETDEV_UP): enp0s3: link is not ready
Feb  5 12:56:16 cs3013 kernel: [    8.519138] IPv6: ADDRCONF(NETDEV_CHANGE): enp0s3: link becomes ready
Feb  5 12:56:16 cs3013 NetworkManager[739]: <info>  [1549389376.8229] device (enp0s3): link connected
Feb  5 12:56:16 cs3013 NetworkManager[739]: nm_device_get_device_type: assertion 'NM_IS_DEVICE (self)' failed
Feb  5 12:56:16 cs3013 NetworkManager[739]: <info>  [1549389376.8311] device (lo): link connected
Feb  5 12:56:16 cs3013 NetworkManager[739]: <info>  [1549389376.8415] manager: (lo): new Generic device (/org/freedesktop/NetworkManager/Devices/1)
Feb  5 12:56:16 cs3013 NetworkManager[739]: <info>  [1549389376.8641] devices added (path: /sys/devices/virtual/net/lo, iface: lo)
Feb  5 12:56:16 cs3013 NetworkManager[739]: <info>  [1549389376.8660] device added (path: /sys/devices/virtual/net/lo, iface: lo): no ifupdown configuration found.
Feb  5 12:56:16 cs3013 NetworkManager[739]: <info>  [1549389376.8701] urfkill disappeared from the bus
Feb  5 12:56:16 cs3013 NetworkManager[739]: <info>  [1549389376.9112] ModemManager available in the bus
Feb  5 12:56:16 cs3013 NetworkManager[739]: <info>  [1549389376.9126] ofono is now available
Feb  5 12:56:16 cs3013 NetworkManager[739]: <warn>  [1549389376.9159] failed to enumerate oFono devices: GDBus.Error:org.freedesktop.DBus.Error.ServiceUnknown: The name org.ofono was not provided by any .service files
Feb  5 12:56:16 cs3013 NetworkManager[739]: <info>  [1549389376.9184] device (enp0s3): state change: unavailable -> disconnected (reason 'none') [20 30 0]
Feb  5 12:56:16 cs3013 NetworkManager[739]: <info>  [1549389376.9307] policy: auto-activating connection 'Wired connection 1'
Feb  5 12:56:16 cs3013 NetworkManager[739]: <info>  [1549389376.9416] device (enp0s3): Activation: starting connection 'Wired connection 1' (5202c4d4-720e-34d1-9ffc-dd561d506b1e)
Feb  5 12:56:16 cs3013 NetworkManager[739]: <info>  [1549389376.9434] device (enp0s3): state change: disconnected -> prepare (reason 'none') [30 40 0]
Feb  5 12:56:16 cs3013 NetworkManager[739]: <info>  [1549389376.9440] manager: NetworkManager state is now CONNECTING
Feb  5 12:56:16 cs3013 whoopsie[657]: [12:56:16] offline
Feb  5 12:56:16 cs3013 NetworkManager[739]: <info>  [1549389376.9507] device (enp0s3): state change: prepare -> config (reason 'none') [40 50 0]
Feb  5 12:56:16 cs3013 NetworkManager[739]: <info>  [1549389376.9592] device (enp0s3): state change: config -> ip-config (reason 'none') [50 70 0]
Feb  5 12:56:16 cs3013 NetworkManager[739]: <info>  [1549389376.9654] dhcp4 (enp0s3): activation: beginning transaction (timeout in 45 seconds)
Feb  5 12:56:16 cs3013 NetworkManager[739]: <info>  [1549389376.9807] dhcp4 (enp0s3): dhclient started with pid 913
Feb  5 12:56:17 cs3013 dhclient[913]: DHCPREQUEST of 10.0.2.15 on enp0s3 to 255.255.255.255 port 67 (xid=0x7a890b42)
Feb  5 12:56:17 cs3013 dhclient[913]: DHCPACK of 10.0.2.15 from 10.0.2.2
Feb  5 12:56:17 cs3013 NetworkManager[739]: <info>  [1549389377.0664]   address 10.0.2.15
Feb  5 12:56:17 cs3013 NetworkManager[739]: <info>  [1549389377.0728]   plen 24 (255.255.255.0)
Feb  5 12:56:17 cs3013 NetworkManager[739]: <info>  [1549389377.0731]   gateway 10.0.2.2
Feb  5 12:56:17 cs3013 NetworkManager[739]: <info>  [1549389377.0733]   server identifier 10.0.2.2
Feb  5 12:56:17 cs3013 NetworkManager[739]: <info>  [1549389377.0736]   lease time 86400
Feb  5 12:56:17 cs3013 NetworkManager[739]: <info>  [1549389377.0738]   nameserver '130.215.41.1'
Feb  5 12:56:17 cs3013 NetworkManager[739]: <info>  [1549389377.0740]   nameserver '130.215.41.2'
Feb  5 12:56:17 cs3013 NetworkManager[739]: <info>  [1549389377.0743]   nameserver '130.215.41.3'
Feb  5 12:56:17 cs3013 NetworkManager[739]: <info>  [1549389377.0747]   domain name 'dyn.wpi.edu'
Feb  5 12:56:17 cs3013 NetworkManager[739]: <info>  [1549389377.0749] dhcp4 (enp0s3): state changed unknown -> bound
Feb  5 12:56:17 cs3013 avahi-daemon[749]: Joining mDNS multicast group on interface enp0s3.IPv4 with address 10.0.2.15.
Feb  5 12:56:17 cs3013 avahi-daemon[749]: New relevant interface enp0s3.IPv4 for mDNS.
Feb  5 12:56:17 cs3013 avahi-daemon[749]: Registering new address record for 10.0.2.15 on enp0s3.IPv4.
Feb  5 12:56:17 cs3013 NetworkManager[739]: <info>  [1549389377.0837] device (enp0s3): state change: ip-config -> ip-check (reason 'none') [70 80 0]
Feb  5 12:56:17 cs3013 NetworkManager[739]: <info>  [1549389377.1018] device (enp0s3): state change: ip-check -> secondaries (reason 'none') [80 90 0]
Feb  5 12:56:17 cs3013 whoopsie[657]: [12:56:17] Cannot reach: https://daisy.ubuntu.com
Feb  5 12:56:17 cs3013 dhclient[913]: bound to 10.0.2.15 -- renewal in 40501 seconds.
Feb  5 12:56:17 cs3013 NetworkManager[739]: <info>  [1549389377.1109] device (enp0s3): state change: secondaries -> activated (reason 'none') [90 100 0]
Feb  5 12:56:17 cs3013 NetworkManager[739]: <info>  [1549389377.1125] manager: NetworkManager state is now CONNECTED_LOCAL
Feb  5 12:56:17 cs3013 NetworkManager[739]: <info>  [1549389377.1191] manager: NetworkManager state is now CONNECTED_GLOBAL
Feb  5 12:56:17 cs3013 NetworkManager[739]: <info>  [1549389377.1204] policy: set 'Wired connection 1' (enp0s3) as default for IPv4 routing and DNS
Feb  5 12:56:17 cs3013 NetworkManager[739]: <info>  [1549389377.1217] dns-plugin[0x87057d0]: starting dnsmasq...
Feb  5 12:56:17 cs3013 NetworkManager[739]: <info>  [1549389377.1429] dns-mgr: Writing DNS information to /sbin/resolvconf
Feb  5 12:56:17 cs3013 dnsmasq[939]: started, version 2.75 cache disabled
Feb  5 12:56:17 cs3013 dnsmasq[939]: compile time options: IPv6 GNU-getopt DBus i18n IDN DHCP DHCPv6 no-Lua TFTP conntrack ipset auth DNSSEC loop-detect inotify
Feb  5 12:56:17 cs3013 dnsmasq[939]: DBus support enabled: connected to system bus
Feb  5 12:56:17 cs3013 dnsmasq[939]: warning: no upstream servers configured
Feb  5 12:56:17 cs3013 kernel: [    9.125000] floppy0: no floppy controllers found
Feb  5 12:56:17 cs3013 NetworkManager[739]: <info>  [1549389377.4282] device (enp0s3): Activation: successful, device activated.
Feb  5 12:56:17 cs3013 nm-dispatcher: req:2 'up' [enp0s3]: new request (1 scripts)
Feb  5 12:56:17 cs3013 nm-dispatcher: req:2 'up' [enp0s3]: start running ordered scripts...
Feb  5 12:56:17 cs3013 whoopsie[657]: [12:56:17] The default IPv4 route is: /org/freedesktop/NetworkManager/ActiveConnection/0
Feb  5 12:56:17 cs3013 NetworkManager[739]: <info>  [1549389377.5809] dnsmasq[0x87057d0]: dnsmasq appeared as :1.25
Feb  5 12:56:17 cs3013 dnsmasq[939]: setting upstream servers from DBus
Feb  5 12:56:17 cs3013 dnsmasq[939]: using nameserver 130.215.41.1#53
Feb  5 12:56:17 cs3013 dnsmasq[939]: using nameserver 130.215.41.2#53
Feb  5 12:56:17 cs3013 dnsmasq[939]: using nameserver 130.215.41.3#53
Feb  5 12:56:17 cs3013 whoopsie[657]: [12:56:17] Not a paid data plan: /org/freedesktop/NetworkManager/ActiveConnection/0
Feb  5 12:56:17 cs3013 whoopsie[657]: [12:56:17] Found usable connection: /org/freedesktop/NetworkManager/ActiveConnection/0
Feb  5 12:56:17 cs3013 whoopsie[657]: [12:56:17] online
Feb  5 12:56:17 cs3013 systemd[1]: Created slice User Slice of cshue.
Feb  5 12:56:17 cs3013 systemd[1]: Starting User Manager for UID 1000...
Feb  5 12:56:17 cs3013 systemd[1]: Started Session c1 of user cshue.
Feb  5 12:56:17 cs3013 systemd[1074]: Reached target Sockets.
Feb  5 12:56:17 cs3013 systemd[1074]: Reached target Paths.
Feb  5 12:56:17 cs3013 systemd[1074]: Reached target Timers.
Feb  5 12:56:17 cs3013 systemd[1074]: Reached target Basic System.
Feb  5 12:56:17 cs3013 systemd[1074]: Reached target Default.
Feb  5 12:56:17 cs3013 systemd[1074]: Startup finished in 123ms.
Feb  5 12:56:17 cs3013 systemd[1]: Started User Manager for UID 1000.
Feb  5 12:56:18 cs3013 systemd[1]: Started vboxadd-x11.service.
Feb  5 12:56:18 cs3013 kernel: [   10.014829] vboxsf: Successfully loaded version 5.0.18_Ubuntu (interface 0x00010004)
Feb  5 12:56:18 cs3013 ModemManager[663]: <info>  Couldn't find support for device at '/sys/devices/pci0000:00/0000:00:03.0': not supported by any plugin
Feb  5 12:56:18 cs3013 avahi-daemon[749]: Joining mDNS multicast group on interface enp0s3.IPv6 with address fe80::1152:bb8e:4706:f9c.
Feb  5 12:56:18 cs3013 avahi-daemon[749]: New relevant interface enp0s3.IPv6 for mDNS.
Feb  5 12:56:18 cs3013 avahi-daemon[749]: Registering new address record for fe80::1152:bb8e:4706:f9c on enp0s3.*.
Feb  5 12:56:19 cs3013 org.ayatana.bamf[1291]: bamfdaemon start/running, process 1350
Feb  5 12:56:20 cs3013 org.a11y.Bus[1291]: ** (process:1394): WARNING **: Failed to register client: GDBus.Error:org.freedesktop.DBus.Error.ServiceUnknown: The name org.gnome.SessionManager was not provided by any .service files
Feb  5 12:56:20 cs3013 org.a11y.Bus[1291]: Activating service name='org.a11y.atspi.Registry'
Feb  5 12:56:20 cs3013 org.a11y.Bus[1291]: Successfully activated service 'org.a11y.atspi.Registry'
Feb  5 12:56:20 cs3013 org.a11y.atspi.Registry[1403]: SpiRegistry daemon is running with well-known name - org.a11y.atspi.Registry
Feb  5 12:56:21 cs3013 dbus[688]: [system] Activating via systemd: service name='org.freedesktop.UPower' unit='upower.service'
Feb  5 12:56:21 cs3013 systemd[1]: Starting Daemon for power management...
Feb  5 12:56:21 cs3013 dbus[688]: [system] Successfully activated service 'org.freedesktop.UPower'
Feb  5 12:56:21 cs3013 systemd[1]: Started Daemon for power management.
Feb  5 12:56:21 cs3013 gnome-session[1437]: gnome-session-is-accelerated: llvmpipe detected.
Feb  5 12:56:22 cs3013 vboxadd[678]: Starting the VirtualBox Guest AdditionsInstalling the Window System drivers
Feb  5 12:56:22 cs3013 vboxadd[678]: Installing X.Org Server 1.18 modules ...done.
Feb  5 12:56:22 cs3013 vboxadd[678]: Setting up the Window System to use the Guest Additions ...done.
Feb  5 12:56:22 cs3013 vboxadd[678]: You may need to restart the the Window System (or just restart the guest system)
Feb  5 12:56:22 cs3013 vboxadd[678]: to enable the Guest Additions.
Feb  5 12:56:22 cs3013 vboxadd[678]: Installing graphics libraries and desktop services components ...done.
Feb  5 12:56:22 cs3013 dbus[688]: [system] Activating via systemd: service name='org.bluez' unit='dbus-org.bluez.service'
Feb  5 12:56:22 cs3013 NetworkManager[739]: <info>  [1549389382.5789] manager: startup complete
Feb  5 12:56:22 cs3013 dbus[688]: [system] Activating via systemd: service name='org.freedesktop.ColorManager' unit='colord.service'
Feb  5 12:56:22 cs3013 systemd[1]: Starting Manage, Install and Generate Color Profiles...
Feb  5 12:56:22 cs3013 dbus[688]: [system] Activating via systemd: service name='org.freedesktop.RealtimeKit1' unit='rtkit-daemon.service'
Feb  5 12:56:22 cs3013 systemd[1]: Starting RealtimeKit Scheduling Policy Service...
Feb  5 12:56:23 cs3013 dbus[688]: [system] Successfully activated service 'org.freedesktop.RealtimeKit1'
Feb  5 12:56:23 cs3013 rtkit-daemon[1639]: Successfully called chroot.
Feb  5 12:56:23 cs3013 rtkit-daemon[1639]: Successfully dropped privileges.
Feb  5 12:56:23 cs3013 rtkit-daemon[1639]: Successfully limited resources.
Feb  5 12:56:23 cs3013 rtkit-daemon[1639]: Running.
Feb  5 12:56:23 cs3013 rtkit-daemon[1639]: Watchdog thread running.
Feb  5 12:56:23 cs3013 rtkit-daemon[1639]: Canary thread running.
Feb  5 12:56:23 cs3013 systemd[1]: Started RealtimeKit Scheduling Policy Service.
Feb  5 12:56:23 cs3013 dbus[688]: [system] Successfully activated service 'org.freedesktop.ColorManager'
Feb  5 12:56:23 cs3013 systemd[1]: Started Manage, Install and Generate Color Profiles.
Feb  5 12:56:23 cs3013 rtkit-daemon[1639]: Successfully made thread 1635 of process 1635 (n/a) owned by '1000' high priority at nice level -11.
Feb  5 12:56:23 cs3013 rtkit-daemon[1639]: Supervising 1 threads of 1 processes of 1 users.
Feb  5 12:56:23 cs3013 vboxadd[678]:  ...done.
Feb  5 12:56:23 cs3013 systemd[1]: Started vboxadd.service.
Feb  5 12:56:23 cs3013 systemd[1]: Starting vboxadd-service.service...
Feb  5 12:56:23 cs3013 kernel: [   15.073242] VBoxService 5.0.30 r112061 (verbosity: 0) linux.x86 (Nov 23 2016 15:19:28) release log
Feb  5 12:56:23 cs3013 kernel: [   15.073242] 00:00:00.000154 main     Log opened 2019-02-05T17:56:23.373049000Z
Feb  5 12:56:23 cs3013 kernel: [   15.073292] 00:00:00.000251 main     OS Product: Linux
Feb  5 12:56:23 cs3013 kernel: [   15.073318] 00:00:00.000281 main     OS Release: 4.4.35cshue
Feb  5 12:56:23 cs3013 kernel: [   15.073343] 00:00:00.000307 main     OS Version: #1 SMP Sat Jan 14 13:55:54 EST 2017
Feb  5 12:56:23 cs3013 kernel: [   15.073380] 00:00:00.000332 main     Executable: /opt/VBoxGuestAdditions-5.0.30/sbin/VBoxService
Feb  5 12:56:23 cs3013 kernel: [   15.073380] 00:00:00.000333 main     Process ID: 1665
Feb  5 12:56:23 cs3013 kernel: [   15.073380] 00:00:00.000334 main     Package type: LINUX_32BITS_GENERIC
Feb  5 12:56:23 cs3013 vboxadd-service[1660]: Starting VirtualBox Guest Addition service  ...done.
Feb  5 12:56:23 cs3013 kernel: [   15.093744] 00:00:00.020682 main     5.0.30 r112061 started. Verbose level = 0
Feb  5 12:56:23 cs3013 systemd[1]: Started vboxadd-service.service.
Feb  5 13:17:34 cs3013 systemd[1074]: Time has been changed
Feb  5 13:17:34 cs3013 systemd[1]: Time has been changed
Feb  5 13:17:34 cs3013 systemd[1]: apt-daily.timer: Adding 2h 6min 39.161311s random time.
Feb  5 13:17:34 cs3013 systemd[1]: snapd.refresh.timer: Adding 2h 58min 34.704229s random time.
Feb  5 13:17:34 cs3013 systemd[1]: snapd.refresh.timer: Adding 36min 20.313563s random time.
Feb  5 13:17:34 cs3013 systemd[1]: Reached target Multi-User System.
Feb  5 13:17:34 cs3013 systemd[1]: Reached target Graphical Interface.
Feb  5 13:17:34 cs3013 systemd[1]: Starting Update UTMP about System Runlevel Changes...
Feb  5 13:17:34 cs3013 systemd[1]: Started Update UTMP about System Runlevel Changes.
Feb  5 13:17:34 cs3013 systemd[1]: Startup finished in 4.406s (kernel) + 10.523s (userspace) = 14.930s.
Feb  5 13:17:34 cs3013 rtkit-daemon[1639]: Successfully made thread 1688 of process 1688 (n/a) owned by '1000' high priority at nice level -11.
Feb  5 13:17:34 cs3013 rtkit-daemon[1639]: Supervising 2 threads of 2 processes of 1 users.
Feb  5 13:17:34 cs3013 pulseaudio[1688]: [pulseaudio] pid.c: Daemon already running.
Feb  5 13:17:34 cs3013 dbus[688]: [system] Activating via systemd: service name='org.freedesktop.locale1' unit='dbus-org.freedesktop.locale1.service'
Feb  5 13:17:34 cs3013 systemd[1]: Starting Locale Service...
Feb  5 13:17:34 cs3013 dbus[688]: [system] Successfully activated service 'org.freedesktop.locale1'
Feb  5 13:17:34 cs3013 systemd[1]: Started Locale Service.
Feb  5 13:17:35 cs3013 org.gnome.ScreenSaver[1291]: ** (gnome-screensaver:1557): WARNING **: Couldn't get presence status: The name org.gnome.SessionManager was not provided by any .service files
Feb  5 13:17:35 cs3013 org.gnome.ScreenSaver[1291]: ** (gnome-screensaver:1557): WARNING **: Config key not handled: picture-opacity
Feb  5 13:17:35 cs3013 org.gnome.ScreenSaver[1291]: ** (gnome-screensaver:1557): WARNING **: Config key not handled: primary-color
Feb  5 13:17:35 cs3013 org.gnome.ScreenSaver[1291]: ** (gnome-screensaver:1557): WARNING **: Config key not handled: secondary-color
Feb  5 13:17:35 cs3013 org.gnome.ScreenSaver[1291]: ** (gnome-screensaver:1557): WARNING **: Config key not handled: color-shading-type
Feb  5 13:17:35 cs3013 org.gnome.ScreenSaver[1291]: ** (gnome-screensaver:1557): WARNING **: Config key not handled: show-notifications
Feb  5 13:17:35 cs3013 org.gnome.ScreenSaver[1291]: ** (gnome-screensaver:1557): WARNING **: Config key not handled: picture-options
Feb  5 13:17:35 cs3013 org.gnome.ScreenSaver[1291]: ** (gnome-screensaver:1557): WARNING **: Config key not handled: show-full-name-in-top-bar
Feb  5 13:17:35 cs3013 org.gnome.ScreenSaver[1291]: ** (gnome-screensaver:1557): WARNING **: Config key not handled: picture-uri
Feb  5 13:17:35 cs3013 org.gnome.ScreenSaver[1291]: ** (gnome-screensaver:1557): WARNING **: Config key not handled: disable-command-line
Feb  5 13:17:35 cs3013 org.gnome.ScreenSaver[1291]: ** (gnome-screensaver:1557): WARNING **: Config key not handled: disable-application-handlers
Feb  5 13:17:35 cs3013 org.gnome.ScreenSaver[1291]: ** (gnome-screensaver:1557): WARNING **: Config key not handled: user-administration-disabled
Feb  5 13:17:35 cs3013 org.gnome.ScreenSaver[1291]: ** (gnome-screensaver:1557): WARNING **: Config key not handled: disable-printing
Feb  5 13:17:35 cs3013 org.gnome.ScreenSaver[1291]: ** (gnome-screensaver:1557): WARNING **: Config key not handled: disable-log-out
Feb  5 13:17:35 cs3013 org.gnome.ScreenSaver[1291]: ** (gnome-screensaver:1557): WARNING **: Config key not handled: disable-print-setup
Feb  5 13:17:35 cs3013 org.gnome.ScreenSaver[1291]: ** (gnome-screensaver:1557): WARNING **: Config key not handled: disable-save-to-disk
Feb  5 13:17:35 cs3013 gnome-session[1437]: SSH_AUTH_SOCK=/run/user/1000/keyring/ssh
Feb  5 13:17:35 cs3013 gnome-session[1437]: SSH_AUTH_SOCK=/run/user/1000/keyring/ssh
Feb  5 13:17:35 cs3013 gnome-session[1437]: SSH_AUTH_SOCK=/run/user/1000/keyring/ssh
Feb  5 13:17:36 cs3013 NetworkManager[739]: <info>  [1549390656.2042] WiFi hardware radio set enabled
Feb  5 13:17:36 cs3013 NetworkManager[739]: <info>  [1549390656.2042] WWAN hardware radio set enabled
Feb  5 13:17:36 cs3013 gnome-session-binary[1437]: Entering running state
Feb  5 13:17:37 cs3013 gnome-session[1437]: (process:1725): indicator-application-service-WARNING **: Unable to get watcher name 'org.kde.StatusNotifierWatcher'
Feb  5 13:17:37 cs3013 gnome-session[1437]: (process:1725): indicator-application-service-WARNING **: Name Lost
Feb  5 13:17:37 cs3013 kernel: [   18.669919] snd_intel8x0 0000:00:05.0: white list rate for 1028:0177 is 48000
Feb  5 13:17:37 cs3013 systemd[1]: Reached target Sound Card.
Feb  5 13:17:37 cs3013 dbus[688]: [system] Activating via systemd: service name='org.freedesktop.UDisks2' unit='udisks2.service'
Feb  5 13:17:37 cs3013 systemd[1]: Starting Disk Manager...
Feb  5 13:17:37 cs3013 udisksd[1778]: udisks daemon version 2.1.7 starting
Feb  5 13:17:38 cs3013 dbus[688]: [system] Successfully activated service 'org.freedesktop.UDisks2'
Feb  5 13:17:38 cs3013 systemd[1]: Started Disk Manager.
Feb  5 13:17:38 cs3013 udisksd[1778]: Acquired the name org.freedesktop.UDisks2 on the system message bus
Feb  5 13:17:38 cs3013 pulseaudio[1635]: [pulseaudio] alsa-util.c: Disabling timer-based scheduling because running inside a VM.
Feb  5 13:17:38 cs3013 pulseaudio[1635]: [pulseaudio] sink.c: Default and alternate sample rates are the same.
Feb  5 13:17:38 cs3013 rtkit-daemon[1639]: Supervising 1 threads of 1 processes of 1 users.
Feb  5 13:17:38 cs3013 rtkit-daemon[1639]: Successfully made thread 1809 of process 1635 (n/a) owned by '1000' RT at priority 5.
Feb  5 13:17:38 cs3013 rtkit-daemon[1639]: Supervising 2 threads of 1 processes of 1 users.
Feb  5 13:17:38 cs3013 pulseaudio[1635]: [pulseaudio] alsa-util.c: Disabling timer-based scheduling because running inside a VM.
Feb  5 13:17:38 cs3013 rtkit-daemon[1639]: Supervising 2 threads of 1 processes of 1 users.
Feb  5 13:17:38 cs3013 rtkit-daemon[1639]: Successfully made thread 1810 of process 1635 (n/a) owned by '1000' RT at priority 5.
Feb  5 13:17:38 cs3013 rtkit-daemon[1639]: Supervising 3 threads of 1 processes of 1 users.
Feb  5 13:17:39 cs3013 org.gtk.vfs.AfcVolumeMonitor[1291]: Volume monitor alive
Feb  5 13:17:39 cs3013 gnome-session[1437]: (gnome-software:1723): Gs-WARNING **: Failed to create permission org.freedesktop.packagekit.trigger-offline-update: GDBus.Error:org.freedesktop.PolicyKit1.Error.Failed: Action org.freedesktop.packagekit.trigger-offline-update is not registered
Feb  5 13:17:39 cs3013 gnome-session[1437]: (gnome-software:1723): Gs-WARNING **: Failed to create permission org.freedesktop.packagekit.trigger-offline-update: GDBus.Error:org.freedesktop.PolicyKit1.Error.Failed: Action org.freedesktop.packagekit.trigger-offline-update is not registered
Feb  5 13:17:39 cs3013 dbus[688]: [system] Activating service name='org.freedesktop.fwupd' (using servicehelper)
Feb  5 13:17:41 cs3013 gnome-session[1437]: Nautilus-Share-Message: Called "net usershare info" but it failed: Failed to execute child process "net" (No such file or directory)
Feb  5 13:17:42 cs3013 org.freedesktop.fwupd[688]: (fwupd:1840): Fu-WARNING **: Failed to coldplug: UEFI firmware updating not supported
Feb  5 13:17:42 cs3013 dbus[688]: [system] Successfully activated service 'org.freedesktop.fwupd'
Feb  5 13:17:44 cs3013 org.gnome.ScreenSaver[1291]: ** Message: Lost the name, shutting down.
Feb  5 13:17:56 cs3013 gnome-session[1437]: (zeitgeist-datahub:2302): Gtk-WARNING **: Attempting to read the recently used resources file at '/home/cshue/.local/share/recently-used.xbel', but the parser failed: Failed to open file '/home/cshue/.local/share/recently-used.xbel': Permission denied.
Feb  5 13:17:56 cs3013 org.gnome.zeitgeist.Engine[1291]: ** (zeitgeist-datahub:2322): WARNING **: zeitgeist-datahub.vala:229: Unable to get name "org.gnome.zeitgeist.datahub" on the bus!
Feb  5 13:17:58 cs3013 pulseaudio[1635]: [pulseaudio] bluez5-util.c: GetManagedObjects() failed: org.freedesktop.DBus.Error.TimedOut: Failed to activate service 'org.bluez': timed out
Feb  5 13:18:05 cs3013 kernel: [   46.484534] part1: module verification failed: signature and/or required key missing - tainting kernel
Feb  5 13:18:05 cs3013 kernel: [   46.758241] Interceptor: Found syscall table at address: 0xC17BB180
Feb  5 13:18:06 cs3013 kernel: [   46.758244] Loaded interceptor!<6>[   47.998788] User 1000 is closing file descriptor: 13
Feb  5 13:18:06 cs3013 kernel: [   48.000427] User 1000 is closing file descriptor: 13
Feb  5 13:18:07 cs3013 kernel: [   48.072766] User 1000 is closing file descriptor: 13
Feb  5 13:18:07 cs3013 kernel: [   48.103844] User 1000 is opening file: .
Feb  5 13:18:07 cs3013 kernel: [   48.103909] User 1000 is closing file descriptor: 3
Feb  5 13:18:07 cs3013 kernel: [   48.104205] User 1000 is closing file descriptor: 13
Feb  5 13:18:07 cs3013 kernel: [   48.433429] User 1000 is closing file descriptor: 26
Feb  5 13:18:08 cs3013 kernel: [   49.545497] User 1000 is closing file descriptor: 3
Feb  5 13:18:08 cs3013 kernel: [   49.545501] User 1000 is closing file descriptor: 4
Feb  5 13:18:08 cs3013 kernel: [   49.545590] User 1000 is closing file descriptor: 4
Feb  5 13:18:08 cs3013 kernel: [   49.545596] User 1000 is closing file descriptor: 3
Feb  5 13:18:08 cs3013 kernel: [   49.545945] User 1000 is opening file: /etc/ld.so.cache
Feb  5 13:18:08 cs3013 kernel: [   49.545956] User 1000 is closing file descriptor: 3
Feb  5 13:18:08 cs3013 kernel: [   49.545975] User 1000 is opening file: /lib/i386-linux-gnu/libdl.so.2
Feb  5 13:18:08 cs3013 kernel: [   49.546007] User 1000 is closing file descriptor: 3
Feb  5 13:18:08 cs3013 kernel: [   49.546017] User 1000 is opening file: /lib/i386-linux-gnu/libc.so.6
Feb  5 13:18:08 cs3013 kernel: [   49.546057] User 1000 is closing file descriptor: 3
Feb  5 13:18:08 cs3013 kernel: [   49.546364] User 1000 is opening file: /usr/lib/locale/locale-archive
Feb  5 13:18:08 cs3013 kernel: [   49.546392] User 1000 is closing file descriptor: 3
Feb  5 13:18:08 cs3013 kernel: [   49.547399] User 1000 is opening file: .
Feb  5 13:18:08 cs3013 kernel: [   49.549074] User 1000 is closing file descriptor: 3
Feb  5 13:18:08 cs3013 kernel: [   49.549086] User 1000 is opening file: Makefile
Feb  5 13:18:08 cs3013 kernel: [   49.549855] User 1000 is closing file descriptor: 3
Feb  5 13:18:08 cs3013 kernel: [   49.551422] User 1000 is opening file: /usr/share/locale/locale.alias
Feb  5 13:18:08 cs3013 kernel: [   49.551545] User 1000 is closing file descriptor: 3
Feb  5 13:18:08 cs3013 kernel: [   49.551565] User 1000 is opening file: /usr/share/locale/en_US/LC_MESSAGES/make.mo
Feb  5 13:18:08 cs3013 kernel: [   49.551570] User 1000 is opening file: /usr/share/locale/en/LC_MESSAGES/make.mo
Feb  5 13:18:08 cs3013 kernel: [   49.551574] User 1000 is opening file: /usr/share/locale-langpack/en_US/LC_MESSAGES/make.mo
Feb  5 13:18:08 cs3013 kernel: [   49.551578] User 1000 is opening file: /usr/share/locale-langpack/en/LC_MESSAGES/make.mo
Feb  5 13:18:08 cs3013 kernel: [   49.551718] User 1000 is closing file descriptor: 1
Feb  5 13:18:09 cs3013 kernel: [   50.746997] User 1000 is opening file: /home/cshue/.config/nautilus/accels
Feb  5 13:18:09 cs3013 kernel: [   50.747831] User 1000 is closing file descriptor: 13
Feb  5 13:18:12 cs3013 kernel: [   53.172551] User 1000 is closing file descriptor: 3
Feb  5 13:18:12 cs3013 kernel: [   53.172555] User 1000 is closing file descriptor: 4
Feb  5 13:18:12 cs3013 kernel: [   53.172623] User 1000 is closing file descriptor: 4
Feb  5 13:18:12 cs3013 kernel: [   53.172629] User 1000 is closing file descriptor: 3
Feb  5 13:18:12 cs3013 kernel: [   53.174634] User 1000 is opening file: /etc/ld.so.cache
Feb  5 13:18:12 cs3013 kernel: [   53.174646] User 1000 is closing file descriptor: 3
Feb  5 13:18:12 cs3013 kernel: [   53.174660] User 1000 is opening file: /lib/i386-linux-gnu/libc.so.6
Feb  5 13:18:12 cs3013 kernel: [   53.174697] User 1000 is closing file descriptor: 3
Feb  5 13:18:12 cs3013 kernel: [   53.174941] 'Hello, world!' -- syscall1
Feb  5 13:18:12 cs3013 kernel: [   53.174958] User 1000 is opening file: foo.txt
Feb  5 13:18:12 cs3013 kernel: [   53.174979] User 1000 is opening file: openclose.txt
Feb  5 13:18:12 cs3013 kernel: [   53.174989] User 1000 is opening file: openclose.txt
Feb  5 13:18:12 cs3013 kernel: [   53.174993] User 1000 is closing file descriptor: 5
Feb  5 13:18:12 cs3013 kernel: [   53.174998] User 1000 is opening file: virus.txt
Feb  5 13:18:12 cs3013 kernel: [   53.175004] User 1000 is opening file: novirus.txt
Feb  5 13:18:12 cs3013 kernel: [   53.199813] User 1000 read from file description 14, but that read contained malicious code!
Feb  5 13:18:13 cs3013 kernel: [   54.502242] User 1000 read from file description 14, but that read contained malicious code!
Feb  5 13:18:13 cs3013 kernel: [   54.502257] User 1000 read from file description 14, but that read contained malicious code!
Feb  5 13:18:13 cs3013 kernel: [   54.512967] User 1000 read from file description 14, but that read contained malicious code!
Feb  5 13:18:13 cs3013 kernel: [   54.688526] User 1000 read from file description 14, but that read contained malicious code!
Feb  5 13:18:13 cs3013 kernel: [   54.688549] User 1000 read from file description 14, but that read contained malicious code!
Feb  5 13:18:13 cs3013 kernel: [   54.699083] User 1000 read from file description 14, but that read contained malicious code!
Feb  5 13:18:13 cs3013 kernel: [   54.868610] User 1000 read from file description 14, but that read contained malicious code!
Feb  5 13:18:13 cs3013 kernel: [   54.868632] User 1000 read from file description 14, but that read contained malicious code!
Feb  5 13:18:13 cs3013 kernel: [   54.879135] User 1000 read from file description 14, but that read contained malicious code!
Feb  5 13:18:13 cs3013 kernel: [   55.067815] User 1000 read from file description 14, but that read contained malicious code!
Feb  5 13:18:13 cs3013 kernel: [   55.067836] User 1000 read from file description 14, but that read contained malicious code!
Feb  5 13:18:14 cs3013 kernel: [   55.078524] User 1000 read from file description 14, but that read contained malicious code!
Feb  5 13:18:14 cs3013 kernel: [   55.252041] User 1000 read from file description 14, but that read contained malicious code!
Feb  5 13:18:14 cs3013 kernel: [   55.252063] User 1000 read from file description 14, but that read contained malicious code!
